#
# There is insufficient memory for the Java Runtime Environment to continue.
# Native memory allocation (malloc) failed to allocate 1005912 bytes. Error detail: Chunk::new
# Possible reasons:
#   The system is out of physical RAM or swap space
#   This process is running with CompressedOops enabled, and the Java Heap may be blocking the growth of the native heap
# Possible solutions:
#   Reduce memory load on the system
#   Increase physical memory or swap space
#   Check if swap backing store is full
#   Decrease Java heap size (-Xmx/-Xms)
#   Decrease number of Java threads
#   Decrease Java thread stack sizes (-Xss)
#   Set larger code cache with -XX:ReservedCodeCacheSize=
#   JVM is running with Unscaled Compressed Oops mode in which the Java heap is
#     placed in the first 4GB address space. The Java Heap base address is the
#     maximum limit for the native heap growth. Please use -XX:HeapBaseMinAddress
#     to set the Java Heap base and to place the Java Heap above 4GB virtual address.
# This output file may be truncated or incomplete.
#
#  Out of Memory Error (arena.cpp:186), pid=21056, tid=1616
#
# JRE version: Java(TM) SE Runtime Environment (25.0.4.1+1) (build 25.0.4.1+1-LTS-5)
# Java VM: Java HotSpot(TM) 64-Bit Server VM (25.0.4.1+1-LTS-5, mixed mode, sharing, tiered, compressed oops, compressed class ptrs, g1 gc, windows-amd64)
# No core dump will be written. Minidumps are not enabled by default on client versions of Windows
#

---------------  S U M M A R Y ------------

Command Line: --add-modules=javafx.controls,javafx.fxml,javafx.swing,javafx.web --module-path=C:\Users\Abreham\.m2\repository\org\openjfx\javafx-base\25-ea+5\javafx-base-25-ea+5-win.jar;C:\Users\Abreham\.m2\repository\org\openjfx\javafx-base\25-ea+5\javafx-base-25-ea+5.jar;C:\Users\Abreham\.m2\repository\org\openjfx\javafx-controls\25-ea+5\javafx-controls-25-ea+5-win.jar;C:\Users\Abreham\.m2\repository\org\openjfx\javafx-controls\25-ea+5\javafx-controls-25-ea+5.jar;C:\Users\Abreham\.m2\repository\org\openjfx\javafx-fxml\25-ea+5\javafx-fxml-25-ea+5-win.jar;C:\Users\Abreham\.m2\repository\org\openjfx\javafx-fxml\25-ea+5\javafx-fxml-25-ea+5.jar;C:\Users\Abreham\.m2\repository\org\openjfx\javafx-graphics\25-ea+5\javafx-graphics-25-ea+5-win.jar;C:\Users\Abreham\.m2\repository\org\openjfx\javafx-graphics\25-ea+5\javafx-graphics-25-ea+5.jar;C:\Users\Abreham\.m2\repository\org\openjfx\javafx-media\26.0.2\javafx-media-26.0.2-win.jar;C:\Users\Abreham\.m2\repository\org\openjfx\javafx-media\26.0.2\javafx-media-26.0.2.jar;C:\Users\Abreham\.m2\repository\org\openjfx\javafx-swing\25-ea+5\javafx-swing-25-ea+5-win.jar;C:\Users\Abreham\.m2\repository\org\openjfx\javafx-swing\25-ea+5\javafx-swing-25-ea+5.jar;C:\Users\Abreham\.m2\repository\org\openjfx\javafx-web\26.0.2\javafx-web-26.0.2-win.jar;C:\Users\Abreham\.m2\repository\org\openjfx\javafx-web\26.0.2\javafx-web-26.0.2.jar --add-modules=javafx.base,javafx.controls,javafx.fxml,javafx.graphics,javafx.media,javafx.swing,javafx.web com.mycompany.course.vault.frontend.CourseVaultFrontend

Host: Intel(R) Core(TM) i7-8565U CPU @ 1.80GHz, 8 cores, 7G,  Windows 10 , 64 bit Build 19041 (10.0.19041.5915)
Time: Wed Sep 23 23:16:00 2026 E. Africa Standard Time elapsed time: 99.535709 seconds (0d 0h 1m 39s)

---------------  T H R E A D  ---------------

Current thread (0x000001582571a4f0):  JavaThread "C2 CompilerThread0" daemon [_thread_in_native, id=1616, stack(0x0000001c9fb00000,0x0000001c9fc00000) (1024K)]


Current CompileTask:
C2:99554 9399       4       com.sun.javafx.scene.NodeHelper::transformsChangedImpl (10 bytes)

Stack: [0x0000001c9fb00000,0x0000001c9fc00000]
Native frames: (J=compiled Java code, j=interpreted, Vv=VM code, C=native code)
V  [jvm.dll+0x7a8819]  (no source info available)
V  [jvm.dll+0x7743dd]  (no source info available)
V  [jvm.dll+0x967693]  (no source info available)
V  [jvm.dll+0x969c91]  (no source info available)
V  [jvm.dll+0x96a3a3]  (no source info available)
V  [jvm.dll+0x2fd0b6]  (no source info available)
V  [jvm.dll+0x1121e6]  (no source info available)
V  [jvm.dll+0x11250e]  (no source info available)
V  [jvm.dll+0x1a0f42]  (no source info available)
V  [jvm.dll+0x3b5eb2]  (no source info available)
V  [jvm.dll+0x7ae1af]  (no source info available)
V  [jvm.dll+0x2c1287]  (no source info available)
V  [jvm.dll+0x2c024f]  (no source info available)
V  [jvm.dll+0x238070]  (no source info available)
V  [jvm.dll+0x2d0376]  (no source info available)
V  [jvm.dll+0x2ce5f5]  (no source info available)
V  [jvm.dll+0x48f6b1]  (no source info available)
V  [jvm.dll+0x90877d]  (no source info available)
V  [jvm.dll+0x7a6dc5]  (no source info available)
C  [ucrtbase.dll+0x21bb2]  (no source info available)
C  [KERNEL32.DLL+0x17374]  (no source info available)
C  [ntdll.dll+0x4cc91]  (no source info available)

Lock stack of current Java thread (top to bottom):


---------------  P R O C E S S  ---------------

Threads class SMR info:
_java_thread_list=0x000001583277ba60, length=24, elements={
0x00000158066561c0, 0x000001582570b900, 0x000001582570c360, 0x0000015825710bb0,
0x0000015825712780, 0x0000015825713ae0, 0x0000015825714e40, 0x000001582571a4f0,
0x000001582572aa50, 0x0000015825830c20, 0x000001582a1cf680, 0x000001582a69a8d0,
0x000001582a6f9af0, 0x000001582a6e0ba0, 0x000001582f3b3540, 0x000001582f3aa7f0,
0x0000015831314220, 0x000001582f84fc30, 0x000001582feec400, 0x000001582f80ecd0,
0x000001582a0d22b0, 0x000001582fab3fb0, 0x000001582fab0900, 0x00000158311bdd20
}

Java Threads: ( => current thread )
  0x00000158066561c0 JavaThread "main"                              [_thread_blocked, id=21996, stack(0x0000001c9ed00000,0x0000001c9ee00000) (1024K)]
  0x000001582570b900 JavaThread "Reference Handler"          daemon [_thread_blocked, id=18452, stack(0x0000001c9f500000,0x0000001c9f600000) (1024K)]
  0x000001582570c360 JavaThread "Finalizer"                  daemon [_thread_blocked, id=21892, stack(0x0000001c9f600000,0x0000001c9f700000) (1024K)]
  0x0000015825710bb0 JavaThread "Signal Dispatcher"          daemon [_thread_blocked, id=23884, stack(0x0000001c9f700000,0x0000001c9f800000) (1024K)]
  0x0000015825712780 JavaThread "Attach Listener"            daemon [_thread_blocked, id=14628, stack(0x0000001c9f800000,0x0000001c9f900000) (1024K)]
  0x0000015825713ae0 JavaThread "Service Thread"             daemon [_thread_blocked, id=33524, stack(0x0000001c9f900000,0x0000001c9fa00000) (1024K)]
  0x0000015825714e40 JavaThread "Monitor Deflation Thread"   daemon [_thread_blocked, id=19320, stack(0x0000001c9fa00000,0x0000001c9fb00000) (1024K)]
=>0x000001582571a4f0 JavaThread "C2 CompilerThread0"         daemon [_thread_in_native, id=1616, stack(0x0000001c9fb00000,0x0000001c9fc00000) (1024K)]
  0x000001582572aa50 JavaThread "C1 CompilerThread0"         daemon [_thread_blocked, id=11740, stack(0x0000001c9fc00000,0x0000001c9fd00000) (1024K)]
  0x0000015825830c20 JavaThread "Common-Cleaner"             daemon [_thread_blocked, id=17260, stack(0x0000001c9fd00000,0x0000001c9fe00000) (1024K)]
  0x000001582a1cf680 JavaThread "Notification Thread"        daemon [_thread_blocked, id=24656, stack(0x0000001ca0000000,0x0000001ca0100000) (1024K)]
  0x000001582a69a8d0 JavaThread "QuantumRenderer-0"          daemon [_thread_blocked, id=18992, stack(0x0000001c9fe00000,0x0000001c9ff00000) (1024K)]
  0x000001582a6f9af0 JavaThread "InvokeLaterDispatcher"      daemon [_thread_blocked, id=14584, stack(0x0000001c9ff00000,0x0000001ca0000000) (1024K)]
  0x000001582a6e0ba0 JavaThread "JavaFX Application Thread"         [_thread_in_native, id=12396, stack(0x0000001ca0100000,0x0000001ca0200000) (1024K)]
  0x000001582f3b3540 JavaThread "JavaFX-Launcher"                   [_thread_blocked, id=27636, stack(0x0000001ca0900000,0x0000001ca0a00000) (1024K)]
  0x000001582f3aa7f0 JavaThread "Thread-2"                   daemon [_thread_in_native, id=22428, stack(0x0000001ca0800000,0x0000001ca0900000) (1024K)]
  0x0000015831314220 JavaThread "Prism Font Disposer"        daemon [_thread_blocked, id=17116, stack(0x0000001ca0b00000,0x0000001ca0c00000) (1024K)]
  0x000001582f84fc30 JavaThread "Cleaner-0"                  daemon [_thread_blocked, id=32248, stack(0x0000001ca1b00000,0x0000001ca1c00000) (1024K)]
  0x000001582feec400 JavaThread "Disposer"                   daemon [_thread_blocked, id=21128, stack(0x0000001ca1900000,0x0000001ca1a00000) (1024K)]
  0x000001582f80ecd0 JavaThread "HttpClient-2-SelectorManager" daemon [_thread_in_native, id=31132, stack(0x0000001ca1e00000,0x0000001ca1f00000) (1024K)]
  0x000001582a0d22b0 JavaThread "pool-3-thread-1"                   [_thread_blocked, id=3676, stack(0x0000001ca2200000,0x0000001ca2300000) (1024K)]
  0x000001582fab3fb0 JavaThread "pool-3-thread-2"                   [_thread_blocked, id=24760, stack(0x0000001ca2700000,0x0000001ca2800000) (1024K)]
  0x000001582fab0900 JavaThread "pool-3-thread-3"                   [_thread_blocked, id=33636, stack(0x0000001ca2a00000,0x0000001ca2b00000) (1024K)]
  0x00000158311bdd20 JavaThread "pool-3-thread-4"                   [_thread_blocked, id=24124, stack(0x0000001ca2b00000,0x0000001ca2c00000) (1024K)]
Total: 24

Other Threads:
  0x00000158256f8680 VMThread "VM Thread"                           [id=28844, stack(0x0000001c9f400000,0x0000001c9f500000) (1024K)]
  0x00000158256ec5c0 WatcherThread "VM Periodic Task Thread"        [id=28024, stack(0x0000001c9f300000,0x0000001c9f400000) (1024K)]
  0x0000015808a26740 WorkerThread "GC Thread#0"                     [id=18504, stack(0x0000001c9ee00000,0x0000001c9ef00000) (1024K)]
  0x0000015830a381b0 WorkerThread "GC Thread#1"                     [id=18720, stack(0x0000001ca0c00000,0x0000001ca0d00000) (1024K)]
  0x0000015830a385e0 WorkerThread "GC Thread#2"                     [id=24016, stack(0x0000001ca0d00000,0x0000001ca0e00000) (1024K)]
  0x0000015830a38e20 WorkerThread "GC Thread#3"                     [id=22908, stack(0x0000001ca0e00000,0x0000001ca0f00000) (1024K)]
  0x000001582f9e4b90 WorkerThread "GC Thread#4"                     [id=16632, stack(0x0000001ca0f00000,0x0000001ca1000000) (1024K)]
  0x000001582f9e4fc0 WorkerThread "GC Thread#5"                     [id=25708, stack(0x0000001ca1000000,0x0000001ca1100000) (1024K)]
  0x000001582f2f8360 WorkerThread "GC Thread#6"                     [id=6872, stack(0x0000001ca0a00000,0x0000001ca0b00000) (1024K)]
  0x000001582f2f28d0 WorkerThread "GC Thread#7"                     [id=29564, stack(0x0000001ca1700000,0x0000001ca1800000) (1024K)]
  0x0000015808a40800 ConcurrentGCThread "G1 Main Marker"            [id=5240, stack(0x0000001c9ef00000,0x0000001c9f000000) (1024K)]
  0x0000015808a41b40 WorkerThread "G1 Conc#0"                       [id=12124, stack(0x0000001c9f000000,0x0000001c9f100000) (1024K)]
  0x000001582f2f3170 WorkerThread "G1 Conc#1"                       [id=33700, stack(0x0000001ca1800000,0x0000001ca1900000) (1024K)]
  0x0000015808a8dc50 ConcurrentGCThread "G1 Refine#0"               [id=14060, stack(0x0000001c9f100000,0x0000001c9f200000) (1024K)]
  0x0000015808a8e860 ConcurrentGCThread "G1 Service"                [id=5068, stack(0x0000001c9f200000,0x0000001c9f300000) (1024K)]
Total: 15

Threads with active compile tasks:
C2 CompilerThread0  102736 9399       4       com.sun.javafx.scene.NodeHelper::transformsChangedImpl (10 bytes)
Total: 1

VM state: not at safepoint (normal execution)

VM Mutex/Monitor currently owned by a thread: None

Heap address: 0x0000000081e00000, size: 2018 MB, Compressed Oops mode: 32-bit

CDS archive(s) mapped at: [0x0000000036000000-0x0000000036dd0000-0x0000000036dd0000), size 14483456, SharedBaseAddress: 0x0000000036000000, ArchiveRelocationMode: 1.
Compressed class space mapped at: 0x0000000037000000-0x0000000077000000, reserved size: 1073741824
UseCompressedClassPointers 1, UseCompactObjectHeaders 0
Narrow klass pointer bits 32, Max shift 3
Narrow klass base: 0x0000000036000000, Narrow klass shift: 0
Encoding Range: [0x0000000036000000 - 0x0000000136000000), (4294967296 bytes)
Klass Range:    [0x0000000036010000 - 0x0000000077000000), (1090453504 bytes)
Klass ID Range:  [65536 - 1090519033) (1090453497)
Protection zone: [0x0000000036000000 - 0x0000000036010000), (65536 bytes)

GC Precious Log:
 CardTable entry size: 512
 Card Set container configuration: InlinePtr #cards 5 size 8 Array Of Cards #cards 10 size 36 Howl #buckets 4 coarsen threshold 1843 Howl Bitmap #cards 512 size 80 coarsen threshold 460 Card regions per heap region 1 cards per card region 2048
 CPUs: 8 total, 8 available
 Memory: 8071M
 Large Page Support: Disabled
 NUMA Support: Disabled
 Compressed Oops: Enabled (32-bit)
 Heap Region Size: 1M
 Heap Min Capacity: 8M
 Heap Initial Capacity: 128M
 Heap Max Capacity: 2018M
 Pre-touch: Disabled
 Parallel Workers: 8
 Concurrent Workers: 2
 Concurrent Refinement Workers: 8
 Periodic GC: Disabled

Heap:
 garbage-first heap   total reserved 2066432K, committed 219136K, used 77093K [0x0000000081e00000, 0x0000000100000000)
  region size 1024K, 13 young (13312K), 2 survivors (2048K)

Heap Regions: E=young(eden), S=young(survivor), O=old, HS=humongous(starts), HC=humongous(continues), CS=collection set, F=free, TAMS=top-at-mark-start, PB=parsable bottom
|   0|0x0000000081e00000, 0x0000000081f00000, 0x0000000081f00000|100%| O|  |TAMS 0x0000000081e00000| PB 0x0000000081e00000| Untracked |  0
|   1|0x0000000081f00000, 0x0000000082000000, 0x0000000082000000|100%|HS|  |TAMS 0x0000000081f00000| PB 0x0000000081f00000| Complete |  0
|   2|0x0000000082000000, 0x0000000082100000, 0x0000000082100000|100%|HC|  |TAMS 0x0000000082000000| PB 0x0000000082000000| Complete |  0
|   3|0x0000000082100000, 0x0000000082200000, 0x0000000082200000|100%|HS|  |TAMS 0x0000000082100000| PB 0x0000000082100000| Complete |  0
|   4|0x0000000082200000, 0x0000000082300000, 0x0000000082300000|100%|HC|  |TAMS 0x0000000082200000| PB 0x0000000082200000| Complete |  0
|   5|0x0000000082300000, 0x0000000082400000, 0x0000000082400000|100%| O|  |TAMS 0x0000000082300000| PB 0x0000000082300000| Untracked |  0
|   6|0x0000000082400000, 0x0000000082500000, 0x0000000082500000|100%| O|  |TAMS 0x0000000082400000| PB 0x0000000082400000| Untracked |  0
|   7|0x0000000082500000, 0x0000000082600000, 0x0000000082600000|100%|HS|  |TAMS 0x0000000082500000| PB 0x0000000082500000| Complete |  0
|   8|0x0000000082600000, 0x0000000082700000, 0x0000000082700000|100%|HC|  |TAMS 0x0000000082600000| PB 0x0000000082600000| Complete |  0
|   9|0x0000000082700000, 0x0000000082800000, 0x0000000082800000|100%|HS|  |TAMS 0x0000000082700000| PB 0x0000000082700000| Complete |  0
|  10|0x0000000082800000, 0x0000000082900000, 0x0000000082900000|100%|HC|  |TAMS 0x0000000082800000| PB 0x0000000082800000| Complete |  0
|  11|0x0000000082900000, 0x0000000082a00000, 0x0000000082a00000|100%|HS|  |TAMS 0x0000000082900000| PB 0x0000000082900000| Complete |  0
|  12|0x0000000082a00000, 0x0000000082b00000, 0x0000000082b00000|100%|HC|  |TAMS 0x0000000082a00000| PB 0x0000000082a00000| Complete |  0
|  13|0x0000000082b00000, 0x0000000082c00000, 0x0000000082c00000|100%|HS|  |TAMS 0x0000000082b00000| PB 0x0000000082b00000| Complete |  0
|  14|0x0000000082c00000, 0x0000000082d00000, 0x0000000082d00000|100%|HC|  |TAMS 0x0000000082c00000| PB 0x0000000082c00000| Complete |  0
|  15|0x0000000082d00000, 0x0000000082e00000, 0x0000000082e00000|100%|HS|  |TAMS 0x0000000082d00000| PB 0x0000000082d00000| Complete |  0
|  16|0x0000000082e00000, 0x0000000082f00000, 0x0000000082f00000|100%|HC|  |TAMS 0x0000000082e00000| PB 0x0000000082e00000| Complete |  0
|  17|0x0000000082f00000, 0x0000000083000000, 0x0000000083000000|100%|HS|  |TAMS 0x0000000082f00000| PB 0x0000000082f00000| Complete |  0
|  18|0x0000000083000000, 0x0000000083100000, 0x0000000083100000|100%|HC|  |TAMS 0x0000000083000000| PB 0x0000000083000000| Complete |  0
|  19|0x0000000083100000, 0x0000000083200000, 0x0000000083200000|100%|HS|  |TAMS 0x0000000083100000| PB 0x0000000083100000| Complete |  0
|  20|0x0000000083200000, 0x0000000083300000, 0x0000000083300000|100%|HC|  |TAMS 0x0000000083200000| PB 0x0000000083200000| Complete |  0
|  21|0x0000000083300000, 0x0000000083400000, 0x0000000083400000|100%|HS|  |TAMS 0x0000000083300000| PB 0x0000000083300000| Complete |  0
|  22|0x0000000083400000, 0x0000000083500000, 0x0000000083500000|100%|HC|  |TAMS 0x0000000083400000| PB 0x0000000083400000| Complete |  0
|  23|0x0000000083500000, 0x0000000083600000, 0x0000000083600000|100%|HS|  |TAMS 0x0000000083500000| PB 0x0000000083500000| Complete |  0
|  24|0x0000000083600000, 0x0000000083700000, 0x0000000083700000|100%|HC|  |TAMS 0x0000000083600000| PB 0x0000000083600000| Complete |  0
|  25|0x0000000083700000, 0x0000000083800000, 0x0000000083800000|100%| O|  |TAMS 0x0000000083700000| PB 0x0000000083700000| Untracked |  0
|  26|0x0000000083800000, 0x00000000838ff418, 0x0000000083900000| 99%| O|  |TAMS 0x0000000083800000| PB 0x0000000083800000| Untracked |  0
|  27|0x0000000083900000, 0x0000000083a00000, 0x0000000083a00000|100%| O|  |TAMS 0x0000000083900000| PB 0x0000000083900000| Untracked |  0
|  28|0x0000000083a00000, 0x0000000083b00000, 0x0000000083b00000|100%| O|  |TAMS 0x0000000083a00000| PB 0x0000000083a00000| Untracked |  0
|  29|0x0000000083b00000, 0x0000000083c00000, 0x0000000083c00000|100%| O|  |TAMS 0x0000000083b00000| PB 0x0000000083b00000| Untracked |  0
|  30|0x0000000083c00000, 0x0000000083cffff8, 0x0000000083d00000| 99%| O|  |TAMS 0x0000000083c00000| PB 0x0000000083c00000| Untracked |  0
|  31|0x0000000083d00000, 0x0000000083e00000, 0x0000000083e00000|100%| O|  |TAMS 0x0000000083d00000| PB 0x0000000083d00000| Untracked |  0
|  32|0x0000000083e00000, 0x0000000083f00000, 0x0000000083f00000|100%| O|  |TAMS 0x0000000083e00000| PB 0x0000000083e00000| Untracked |  0
|  33|0x0000000083f00000, 0x0000000084000000, 0x0000000084000000|100%| O|  |TAMS 0x0000000083f00000| PB 0x0000000083f00000| Untracked |  0
|  34|0x0000000084000000, 0x00000000840fffe8, 0x0000000084100000| 99%| O|  |TAMS 0x0000000084000000| PB 0x0000000084000000| Untracked |  0
|  35|0x0000000084100000, 0x00000000841e8788, 0x0000000084200000| 90%| O|  |TAMS 0x0000000084100000| PB 0x0000000084100000| Untracked |  0
|  36|0x0000000084200000, 0x0000000084266da8, 0x0000000084300000| 40%| O|  |TAMS 0x0000000084200000| PB 0x0000000084200000| Untracked |  0
|  37|0x0000000084300000, 0x0000000084300430, 0x0000000084400000|  0%| O|Cm|TAMS 0x0000000084300000| PB 0x0000000084300000| Complete |  0
|  38|0x0000000084400000, 0x0000000084400000, 0x0000000084500000|  0%| F|  |TAMS 0x0000000084400000| PB 0x0000000084400000| Untracked |  0
|  39|0x0000000084500000, 0x00000000845bc3c0, 0x0000000084600000| 73%| O|  |TAMS 0x0000000084500000| PB 0x0000000084500000| Untracked |  0
|  40|0x0000000084600000, 0x00000000846b9fa0, 0x0000000084700000| 72%| O|  |TAMS 0x0000000084600000| PB 0x0000000084600000| Untracked |  0
|  41|0x0000000084700000, 0x0000000084700000, 0x0000000084800000|  0%| F|  |TAMS 0x0000000084700000| PB 0x0000000084700000| Untracked |  0
|  42|0x0000000084800000, 0x00000000848fbcd8, 0x0000000084900000| 98%| O|  |TAMS 0x0000000084800000| PB 0x0000000084800000| Untracked |  0
|  43|0x0000000084900000, 0x0000000084a00000, 0x0000000084a00000|100%|HS|  |TAMS 0x0000000084900000| PB 0x0000000084900000| Complete |  0
|  44|0x0000000084a00000, 0x0000000084b00000, 0x0000000084b00000|100%|HC|  |TAMS 0x0000000084a00000| PB 0x0000000084a00000| Complete |  0
|  45|0x0000000084b00000, 0x0000000084c00000, 0x0000000084c00000|100%|HS|  |TAMS 0x0000000084b00000| PB 0x0000000084b00000| Complete |  0
|  46|0x0000000084c00000, 0x0000000084d00000, 0x0000000084d00000|100%|HC|  |TAMS 0x0000000084c00000| PB 0x0000000084c00000| Complete |  0
|  47|0x0000000084d00000, 0x0000000084d00000, 0x0000000084e00000|  0%| F|  |TAMS 0x0000000084d00000| PB 0x0000000084d00000| Untracked |  0
|  48|0x0000000084e00000, 0x0000000084e00000, 0x0000000084f00000|  0%| F|  |TAMS 0x0000000084e00000| PB 0x0000000084e00000| Untracked |  0
|  49|0x0000000084f00000, 0x0000000084f00000, 0x0000000085000000|  0%| F|  |TAMS 0x0000000084f00000| PB 0x0000000084f00000| Untracked |  0
|  50|0x0000000085000000, 0x0000000085000000, 0x0000000085100000|  0%| F|  |TAMS 0x0000000085000000| PB 0x0000000085000000| Untracked |  0
|  51|0x0000000085100000, 0x0000000085100000, 0x0000000085200000|  0%| F|  |TAMS 0x0000000085100000| PB 0x0000000085100000| Untracked |  0
|  52|0x0000000085200000, 0x0000000085200000, 0x0000000085300000|  0%| F|  |TAMS 0x0000000085200000| PB 0x0000000085200000| Untracked |  0
|  53|0x0000000085300000, 0x0000000085300000, 0x0000000085400000|  0%| F|  |TAMS 0x0000000085300000| PB 0x0000000085300000| Untracked |  0
|  54|0x0000000085400000, 0x0000000085400000, 0x0000000085500000|  0%| F|  |TAMS 0x0000000085400000| PB 0x0000000085400000| Untracked |  0
|  55|0x0000000085500000, 0x0000000085500000, 0x0000000085600000|  0%| F|  |TAMS 0x0000000085500000| PB 0x0000000085500000| Untracked |  0
|  56|0x0000000085600000, 0x0000000085600000, 0x0000000085700000|  0%| F|  |TAMS 0x0000000085600000| PB 0x0000000085600000| Untracked |  0
|  57|0x0000000085700000, 0x0000000085800000, 0x0000000085800000|100%|HS|  |TAMS 0x0000000085700000| PB 0x0000000085700000| Complete |  0
|  58|0x0000000085800000, 0x0000000085900000, 0x0000000085900000|100%|HC|  |TAMS 0x0000000085800000| PB 0x0000000085800000| Complete |  0
|  59|0x0000000085900000, 0x0000000085900000, 0x0000000085a00000|  0%| F|  |TAMS 0x0000000085900000| PB 0x0000000085900000| Untracked |  0
|  60|0x0000000085a00000, 0x0000000085a00000, 0x0000000085b00000|  0%| F|  |TAMS 0x0000000085a00000| PB 0x0000000085a00000| Untracked |  0
|  61|0x0000000085b00000, 0x0000000085b00000, 0x0000000085c00000|  0%| F|  |TAMS 0x0000000085b00000| PB 0x0000000085b00000| Untracked |  0
|  62|0x0000000085c00000, 0x0000000085c00000, 0x0000000085d00000|  0%| F|  |TAMS 0x0000000085c00000| PB 0x0000000085c00000| Untracked |  0
|  63|0x0000000085d00000, 0x0000000085d00000, 0x0000000085e00000|  0%| F|  |TAMS 0x0000000085d00000| PB 0x0000000085d00000| Untracked |  0
|  64|0x0000000085e00000, 0x0000000085e00000, 0x0000000085f00000|  0%| F|  |TAMS 0x0000000085e00000| PB 0x0000000085e00000| Untracked |  0
|  65|0x0000000085f00000, 0x0000000085f00000, 0x0000000086000000|  0%| F|  |TAMS 0x0000000085f00000| PB 0x0000000085f00000| Untracked |  0
|  66|0x0000000086000000, 0x0000000086000000, 0x0000000086100000|  0%| F|  |TAMS 0x0000000086000000| PB 0x0000000086000000| Untracked |  0
|  67|0x0000000086100000, 0x0000000086100000, 0x0000000086200000|  0%| F|  |TAMS 0x0000000086100000| PB 0x0000000086100000| Untracked |  0
|  68|0x0000000086200000, 0x0000000086200000, 0x0000000086300000|  0%| F|  |TAMS 0x0000000086200000| PB 0x0000000086200000| Untracked |  0
|  69|0x0000000086300000, 0x0000000086300000, 0x0000000086400000|  0%| F|  |TAMS 0x0000000086300000| PB 0x0000000086300000| Untracked |  0
|  70|0x0000000086400000, 0x0000000086400000, 0x0000000086500000|  0%| F|  |TAMS 0x0000000086400000| PB 0x0000000086400000| Untracked |  0
|  71|0x0000000086500000, 0x0000000086500000, 0x0000000086600000|  0%| F|  |TAMS 0x0000000086500000| PB 0x0000000086500000| Untracked |  0
|  72|0x0000000086600000, 0x0000000086600000, 0x0000000086700000|  0%| F|  |TAMS 0x0000000086600000| PB 0x0000000086600000| Untracked |  0
|  73|0x0000000086700000, 0x0000000086700000, 0x0000000086800000|  0%| F|  |TAMS 0x0000000086700000| PB 0x0000000086700000| Untracked |  0
|  74|0x0000000086800000, 0x0000000086800000, 0x0000000086900000|  0%| F|  |TAMS 0x0000000086800000| PB 0x0000000086800000| Untracked |  0
|  75|0x0000000086900000, 0x0000000086900000, 0x0000000086a00000|  0%| F|  |TAMS 0x0000000086900000| PB 0x0000000086900000| Untracked |  0
|  76|0x0000000086a00000, 0x0000000086a00000, 0x0000000086b00000|  0%| F|  |TAMS 0x0000000086a00000| PB 0x0000000086a00000| Untracked |  0
|  77|0x0000000086b00000, 0x0000000086b00000, 0x0000000086c00000|  0%| F|  |TAMS 0x0000000086b00000| PB 0x0000000086b00000| Untracked |  0
|  78|0x0000000086c00000, 0x0000000086c00000, 0x0000000086d00000|  0%| F|  |TAMS 0x0000000086c00000| PB 0x0000000086c00000| Untracked |  0
|  79|0x0000000086d00000, 0x0000000086d00000, 0x0000000086e00000|  0%| F|  |TAMS 0x0000000086d00000| PB 0x0000000086d00000| Untracked |  0
|  80|0x0000000086e00000, 0x0000000086e00000, 0x0000000086f00000|  0%| F|  |TAMS 0x0000000086e00000| PB 0x0000000086e00000| Untracked |  0
|  81|0x0000000086f00000, 0x0000000086f00000, 0x0000000087000000|  0%| F|  |TAMS 0x0000000086f00000| PB 0x0000000086f00000| Untracked |  0
|  82|0x0000000087000000, 0x0000000087000000, 0x0000000087100000|  0%| F|  |TAMS 0x0000000087000000| PB 0x0000000087000000| Untracked |  0
|  83|0x0000000087100000, 0x0000000087100000, 0x0000000087200000|  0%| F|  |TAMS 0x0000000087100000| PB 0x0000000087100000| Untracked |  0
|  84|0x0000000087200000, 0x0000000087300000, 0x0000000087300000|100%|HS|  |TAMS 0x0000000087200000| PB 0x0000000087200000| Complete |  0
|  85|0x0000000087300000, 0x0000000087400000, 0x0000000087400000|100%|HC|  |TAMS 0x0000000087300000| PB 0x0000000087300000| Complete |  0
|  86|0x0000000087400000, 0x0000000087500000, 0x0000000087500000|100%|HC|  |TAMS 0x0000000087400000| PB 0x0000000087400000| Complete |  0
|  87|0x0000000087500000, 0x0000000087600000, 0x0000000087600000|100%|HC|  |TAMS 0x0000000087500000| PB 0x0000000087500000| Complete |  0
|  88|0x0000000087600000, 0x0000000087700000, 0x0000000087700000|100%|HC|  |TAMS 0x0000000087600000| PB 0x0000000087600000| Complete |  0
|  89|0x0000000087700000, 0x0000000087800000, 0x0000000087800000|100%|HC|  |TAMS 0x0000000087700000| PB 0x0000000087700000| Complete |  0
|  90|0x0000000087800000, 0x0000000087900000, 0x0000000087900000|100%|HC|  |TAMS 0x0000000087800000| PB 0x0000000087800000| Complete |  0
|  91|0x0000000087900000, 0x0000000087a00000, 0x0000000087a00000|100%|HC|  |TAMS 0x0000000087900000| PB 0x0000000087900000| Complete |  0
|  92|0x0000000087a00000, 0x0000000087b00000, 0x0000000087b00000|100%|HC|  |TAMS 0x0000000087a00000| PB 0x0000000087a00000| Complete |  0
|  93|0x0000000087b00000, 0x0000000087c00000, 0x0000000087c00000|100%|HC|  |TAMS 0x0000000087b00000| PB 0x0000000087b00000| Complete |  0
|  94|0x0000000087c00000, 0x0000000087d00000, 0x0000000087d00000|100%|HC|  |TAMS 0x0000000087c00000| PB 0x0000000087c00000| Complete |  0
|  95|0x0000000087d00000, 0x0000000087e00000, 0x0000000087e00000|100%|HC|  |TAMS 0x0000000087d00000| PB 0x0000000087d00000| Complete |  0
|  96|0x0000000087e00000, 0x0000000087f00000, 0x0000000087f00000|100%|HC|  |TAMS 0x0000000087e00000| PB 0x0000000087e00000| Complete |  0
|  97|0x0000000087f00000, 0x0000000088000000, 0x0000000088000000|100%|HC|  |TAMS 0x0000000087f00000| PB 0x0000000087f00000| Complete |  0
|  98|0x0000000088000000, 0x0000000088100000, 0x0000000088100000|100%|HC|  |TAMS 0x0000000088000000| PB 0x0000000088000000| Complete |  0
|  99|0x0000000088100000, 0x0000000088100000, 0x0000000088200000|  0%| F|  |TAMS 0x0000000088100000| PB 0x0000000088100000| Untracked |  0
| 100|0x0000000088200000, 0x0000000088200000, 0x0000000088300000|  0%| F|  |TAMS 0x0000000088200000| PB 0x0000000088200000| Untracked |  0
| 101|0x0000000088300000, 0x0000000088300000, 0x0000000088400000|  0%| F|  |TAMS 0x0000000088300000| PB 0x0000000088300000| Untracked |  0
| 102|0x0000000088400000, 0x0000000088400000, 0x0000000088500000|  0%| F|  |TAMS 0x0000000088400000| PB 0x0000000088400000| Untracked |  0
| 103|0x0000000088500000, 0x0000000088500000, 0x0000000088600000|  0%| F|  |TAMS 0x0000000088500000| PB 0x0000000088500000| Untracked |  0
| 104|0x0000000088600000, 0x0000000088600000, 0x0000000088700000|  0%| F|  |TAMS 0x0000000088600000| PB 0x0000000088600000| Untracked |  0
| 105|0x0000000088700000, 0x0000000088700000, 0x0000000088800000|  0%| F|  |TAMS 0x0000000088700000| PB 0x0000000088700000| Untracked |  0
| 106|0x0000000088800000, 0x0000000088800000, 0x0000000088900000|  0%| F|  |TAMS 0x0000000088800000| PB 0x0000000088800000| Untracked |  0
| 107|0x0000000088900000, 0x0000000088900000, 0x0000000088a00000|  0%| F|  |TAMS 0x0000000088900000| PB 0x0000000088900000| Untracked |  0
| 108|0x0000000088a00000, 0x0000000088a00000, 0x0000000088b00000|  0%| F|  |TAMS 0x0000000088a00000| PB 0x0000000088a00000| Untracked |  0
| 109|0x0000000088b00000, 0x0000000088b00000, 0x0000000088c00000|  0%| F|  |TAMS 0x0000000088b00000| PB 0x0000000088b00000| Untracked |  0
| 110|0x0000000088c00000, 0x0000000088c00000, 0x0000000088d00000|  0%| F|  |TAMS 0x0000000088c00000| PB 0x0000000088c00000| Untracked |  0
| 111|0x0000000088d00000, 0x0000000088d00000, 0x0000000088e00000|  0%| F|  |TAMS 0x0000000088d00000| PB 0x0000000088d00000| Untracked |  0
| 112|0x0000000088e00000, 0x0000000088e00000, 0x0000000088f00000|  0%| F|  |TAMS 0x0000000088e00000| PB 0x0000000088e00000| Untracked |  0
| 113|0x0000000088f00000, 0x0000000088f00000, 0x0000000089000000|  0%| F|  |TAMS 0x0000000088f00000| PB 0x0000000088f00000| Untracked |  0
| 114|0x0000000089000000, 0x0000000089000000, 0x0000000089100000|  0%| F|  |TAMS 0x0000000089000000| PB 0x0000000089000000| Untracked |  0
| 115|0x0000000089100000, 0x0000000089100000, 0x0000000089200000|  0%| F|  |TAMS 0x0000000089100000| PB 0x0000000089100000| Untracked |  0
| 116|0x0000000089200000, 0x0000000089200000, 0x0000000089300000|  0%| F|  |TAMS 0x0000000089200000| PB 0x0000000089200000| Untracked |  0
| 117|0x0000000089300000, 0x0000000089300000, 0x0000000089400000|  0%| F|  |TAMS 0x0000000089300000| PB 0x0000000089300000| Untracked |  0
| 118|0x0000000089400000, 0x0000000089400000, 0x0000000089500000|  0%| F|  |TAMS 0x0000000089400000| PB 0x0000000089400000| Untracked |  0
| 119|0x0000000089500000, 0x0000000089500000, 0x0000000089600000|  0%| F|  |TAMS 0x0000000089500000| PB 0x0000000089500000| Untracked |  0
| 120|0x0000000089600000, 0x0000000089600000, 0x0000000089700000|  0%| F|  |TAMS 0x0000000089600000| PB 0x0000000089600000| Untracked |  0
| 121|0x0000000089700000, 0x0000000089700000, 0x0000000089800000|  0%| F|  |TAMS 0x0000000089700000| PB 0x0000000089700000| Untracked |  0
| 122|0x0000000089800000, 0x0000000089800000, 0x0000000089900000|  0%| F|  |TAMS 0x0000000089800000| PB 0x0000000089800000| Untracked |  0
| 123|0x0000000089900000, 0x0000000089900000, 0x0000000089a00000|  0%| F|  |TAMS 0x0000000089900000| PB 0x0000000089900000| Untracked |  0
| 124|0x0000000089a00000, 0x0000000089a00000, 0x0000000089b00000|  0%| F|  |TAMS 0x0000000089a00000| PB 0x0000000089a00000| Untracked |  0
| 125|0x0000000089b00000, 0x0000000089b00000, 0x0000000089c00000|  0%| F|  |TAMS 0x0000000089b00000| PB 0x0000000089b00000| Untracked |  0
| 126|0x0000000089c00000, 0x0000000089c00000, 0x0000000089d00000|  0%| F|  |TAMS 0x0000000089c00000| PB 0x0000000089c00000| Untracked |  0
| 127|0x0000000089d00000, 0x0000000089d00000, 0x0000000089e00000|  0%| F|  |TAMS 0x0000000089d00000| PB 0x0000000089d00000| Untracked |  0
| 128|0x0000000089e00000, 0x0000000089e00000, 0x0000000089f00000|  0%| F|  |TAMS 0x0000000089e00000| PB 0x0000000089e00000| Untracked |  0
| 129|0x0000000089f00000, 0x0000000089f00000, 0x000000008a000000|  0%| F|  |TAMS 0x0000000089f00000| PB 0x0000000089f00000| Untracked |  0
| 130|0x000000008a000000, 0x000000008a000000, 0x000000008a100000|  0%| F|  |TAMS 0x000000008a000000| PB 0x000000008a000000| Untracked |  0
| 131|0x000000008a100000, 0x000000008a100000, 0x000000008a200000|  0%| F|  |TAMS 0x000000008a100000| PB 0x000000008a100000| Untracked |  0
| 132|0x000000008a200000, 0x000000008a200000, 0x000000008a300000|  0%| F|  |TAMS 0x000000008a200000| PB 0x000000008a200000| Untracked |  0
| 133|0x000000008a300000, 0x000000008a300000, 0x000000008a400000|  0%| F|  |TAMS 0x000000008a300000| PB 0x000000008a300000| Untracked |  0
| 134|0x000000008a400000, 0x000000008a400000, 0x000000008a500000|  0%| F|  |TAMS 0x000000008a400000| PB 0x000000008a400000| Untracked |  0
| 135|0x000000008a500000, 0x000000008a500000, 0x000000008a600000|  0%| F|  |TAMS 0x000000008a500000| PB 0x000000008a500000| Untracked |  0
| 136|0x000000008a600000, 0x000000008a600000, 0x000000008a700000|  0%| F|  |TAMS 0x000000008a600000| PB 0x000000008a600000| Untracked |  0
| 137|0x000000008a700000, 0x000000008a700000, 0x000000008a800000|  0%| F|  |TAMS 0x000000008a700000| PB 0x000000008a700000| Untracked |  0
| 138|0x000000008a800000, 0x000000008a800000, 0x000000008a900000|  0%| F|  |TAMS 0x000000008a800000| PB 0x000000008a800000| Untracked |  0
| 139|0x000000008a900000, 0x000000008a900000, 0x000000008aa00000|  0%| F|  |TAMS 0x000000008a900000| PB 0x000000008a900000| Untracked |  0
| 140|0x000000008aa00000, 0x000000008aa00000, 0x000000008ab00000|  0%| F|  |TAMS 0x000000008aa00000| PB 0x000000008aa00000| Untracked |  0
| 141|0x000000008ab00000, 0x000000008ab00000, 0x000000008ac00000|  0%| F|  |TAMS 0x000000008ab00000| PB 0x000000008ab00000| Untracked |  0
| 142|0x000000008ac00000, 0x000000008ac00000, 0x000000008ad00000|  0%| F|  |TAMS 0x000000008ac00000| PB 0x000000008ac00000| Untracked |  0
| 143|0x000000008ad00000, 0x000000008ad00000, 0x000000008ae00000|  0%| F|  |TAMS 0x000000008ad00000| PB 0x000000008ad00000| Untracked |  0
| 144|0x000000008ae00000, 0x000000008ae00000, 0x000000008af00000|  0%| F|  |TAMS 0x000000008ae00000| PB 0x000000008ae00000| Untracked |  0
| 145|0x000000008af00000, 0x000000008af00000, 0x000000008b000000|  0%| F|  |TAMS 0x000000008af00000| PB 0x000000008af00000| Untracked |  0
| 146|0x000000008b000000, 0x000000008b000000, 0x000000008b100000|  0%| F|  |TAMS 0x000000008b000000| PB 0x000000008b000000| Untracked |  0
| 147|0x000000008b100000, 0x000000008b100000, 0x000000008b200000|  0%| F|  |TAMS 0x000000008b100000| PB 0x000000008b100000| Untracked |  0
| 148|0x000000008b200000, 0x000000008b200000, 0x000000008b300000|  0%| F|  |TAMS 0x000000008b200000| PB 0x000000008b200000| Untracked |  0
| 149|0x000000008b300000, 0x000000008b300000, 0x000000008b400000|  0%| F|  |TAMS 0x000000008b300000| PB 0x000000008b300000| Untracked |  0
| 150|0x000000008b400000, 0x000000008b400000, 0x000000008b500000|  0%| F|  |TAMS 0x000000008b400000| PB 0x000000008b400000| Untracked |  0
| 151|0x000000008b500000, 0x000000008b500000, 0x000000008b600000|  0%| F|  |TAMS 0x000000008b500000| PB 0x000000008b500000| Untracked |  0
| 152|0x000000008b600000, 0x000000008b600000, 0x000000008b700000|  0%| F|  |TAMS 0x000000008b600000| PB 0x000000008b600000| Untracked |  0
| 153|0x000000008b700000, 0x000000008b700000, 0x000000008b800000|  0%| F|  |TAMS 0x000000008b700000| PB 0x000000008b700000| Untracked |  0
| 154|0x000000008b800000, 0x000000008b800000, 0x000000008b900000|  0%| F|  |TAMS 0x000000008b800000| PB 0x000000008b800000| Untracked |  0
| 155|0x000000008b900000, 0x000000008b900000, 0x000000008ba00000|  0%| F|  |TAMS 0x000000008b900000| PB 0x000000008b900000| Untracked |  0
| 156|0x000000008ba00000, 0x000000008ba00000, 0x000000008bb00000|  0%| F|  |TAMS 0x000000008ba00000| PB 0x000000008ba00000| Untracked |  0
| 157|0x000000008bb00000, 0x000000008bb00000, 0x000000008bc00000|  0%| F|  |TAMS 0x000000008bb00000| PB 0x000000008bb00000| Untracked |  0
| 158|0x000000008bc00000, 0x000000008bc00000, 0x000000008bd00000|  0%| F|  |TAMS 0x000000008bc00000| PB 0x000000008bc00000| Untracked |  0
| 159|0x000000008bd00000, 0x000000008bd00000, 0x000000008be00000|  0%| F|  |TAMS 0x000000008bd00000| PB 0x000000008bd00000| Untracked |  0
| 160|0x000000008be00000, 0x000000008be00000, 0x000000008bf00000|  0%| F|  |TAMS 0x000000008be00000| PB 0x000000008be00000| Untracked |  0
| 161|0x000000008bf00000, 0x000000008bf00000, 0x000000008c000000|  0%| F|  |TAMS 0x000000008bf00000| PB 0x000000008bf00000| Untracked |  0
| 162|0x000000008c000000, 0x000000008c000000, 0x000000008c100000|  0%| F|  |TAMS 0x000000008c000000| PB 0x000000008c000000| Untracked |  0
| 163|0x000000008c100000, 0x000000008c100000, 0x000000008c200000|  0%| F|  |TAMS 0x000000008c100000| PB 0x000000008c100000| Untracked |  0
| 164|0x000000008c200000, 0x000000008c200000, 0x000000008c300000|  0%| F|  |TAMS 0x000000008c200000| PB 0x000000008c200000| Untracked |  0
| 165|0x000000008c300000, 0x000000008c300000, 0x000000008c400000|  0%| F|  |TAMS 0x000000008c300000| PB 0x000000008c300000| Untracked |  0
| 166|0x000000008c400000, 0x000000008c400000, 0x000000008c500000|  0%| F|  |TAMS 0x000000008c400000| PB 0x000000008c400000| Untracked |  0
| 167|0x000000008c500000, 0x000000008c500000, 0x000000008c600000|  0%| F|  |TAMS 0x000000008c500000| PB 0x000000008c500000| Untracked |  0
| 168|0x000000008c600000, 0x000000008c600000, 0x000000008c700000|  0%| F|  |TAMS 0x000000008c600000| PB 0x000000008c600000| Untracked |  0
| 169|0x000000008c700000, 0x000000008c700000, 0x000000008c800000|  0%| F|  |TAMS 0x000000008c700000| PB 0x000000008c700000| Untracked |  0
| 170|0x000000008c800000, 0x000000008c800000, 0x000000008c900000|  0%| F|  |TAMS 0x000000008c800000| PB 0x000000008c800000| Untracked |  0
| 171|0x000000008c900000, 0x000000008c900000, 0x000000008ca00000|  0%| F|  |TAMS 0x000000008c900000| PB 0x000000008c900000| Untracked |  0
| 172|0x000000008ca00000, 0x000000008ca00000, 0x000000008cb00000|  0%| F|  |TAMS 0x000000008ca00000| PB 0x000000008ca00000| Untracked |  0
| 173|0x000000008cb00000, 0x000000008cb00000, 0x000000008cc00000|  0%| F|  |TAMS 0x000000008cb00000| PB 0x000000008cb00000| Untracked |  0
| 174|0x000000008cc00000, 0x000000008cc00000, 0x000000008cd00000|  0%| F|  |TAMS 0x000000008cc00000| PB 0x000000008cc00000| Untracked |  0
| 175|0x000000008cd00000, 0x000000008cd00000, 0x000000008ce00000|  0%| F|  |TAMS 0x000000008cd00000| PB 0x000000008cd00000| Untracked |  0
| 176|0x000000008ce00000, 0x000000008ce00000, 0x000000008cf00000|  0%| F|  |TAMS 0x000000008ce00000| PB 0x000000008ce00000| Untracked |  0
| 177|0x000000008cf00000, 0x000000008cf00000, 0x000000008d000000|  0%| F|  |TAMS 0x000000008cf00000| PB 0x000000008cf00000| Untracked |  0
| 178|0x000000008d000000, 0x000000008d000000, 0x000000008d100000|  0%| F|  |TAMS 0x000000008d000000| PB 0x000000008d000000| Untracked |  0
| 179|0x000000008d100000, 0x000000008d100000, 0x000000008d200000|  0%| F|  |TAMS 0x000000008d100000| PB 0x000000008d100000| Untracked |  0
| 180|0x000000008d200000, 0x000000008d200000, 0x000000008d300000|  0%| F|  |TAMS 0x000000008d200000| PB 0x000000008d200000| Untracked |  0
| 181|0x000000008d300000, 0x000000008d300000, 0x000000008d400000|  0%| F|  |TAMS 0x000000008d300000| PB 0x000000008d300000| Untracked |  0
| 182|0x000000008d400000, 0x000000008d400000, 0x000000008d500000|  0%| F|  |TAMS 0x000000008d400000| PB 0x000000008d400000| Untracked |  0
| 183|0x000000008d500000, 0x000000008d500000, 0x000000008d600000|  0%| F|  |TAMS 0x000000008d500000| PB 0x000000008d500000| Untracked |  0
| 184|0x000000008d600000, 0x000000008d600000, 0x000000008d700000|  0%| F|  |TAMS 0x000000008d600000| PB 0x000000008d600000| Untracked |  0
| 185|0x000000008d700000, 0x000000008d700000, 0x000000008d800000|  0%| F|  |TAMS 0x000000008d700000| PB 0x000000008d700000| Untracked |  0
| 186|0x000000008d800000, 0x000000008d800000, 0x000000008d900000|  0%| F|  |TAMS 0x000000008d800000| PB 0x000000008d800000| Untracked |  0
| 187|0x000000008d900000, 0x000000008d900000, 0x000000008da00000|  0%| F|  |TAMS 0x000000008d900000| PB 0x000000008d900000| Untracked |  0
| 188|0x000000008da00000, 0x000000008da00000, 0x000000008db00000|  0%| F|  |TAMS 0x000000008da00000| PB 0x000000008da00000| Untracked |  0
| 189|0x000000008db00000, 0x000000008db888f0, 0x000000008dc00000| 53%| S|CS|TAMS 0x000000008db00000| PB 0x000000008db00000| Complete |  0
| 190|0x000000008dc00000, 0x000000008dd00000, 0x000000008dd00000|100%| S|CS|TAMS 0x000000008dc00000| PB 0x000000008dc00000| Complete |  0
| 191|0x000000008dd00000, 0x000000008dd00000, 0x000000008de00000|  0%| F|  |TAMS 0x000000008dd00000| PB 0x000000008dd00000| Untracked |  0
| 192|0x000000008de00000, 0x000000008de00000, 0x000000008df00000|  0%| F|  |TAMS 0x000000008de00000| PB 0x000000008de00000| Untracked |  0
| 193|0x000000008df00000, 0x000000008df00000, 0x000000008e000000|  0%| F|  |TAMS 0x000000008df00000| PB 0x000000008df00000| Untracked |  0
| 194|0x000000008e000000, 0x000000008e000000, 0x000000008e100000|  0%| F|  |TAMS 0x000000008e000000| PB 0x000000008e000000| Untracked |  0
| 195|0x000000008e100000, 0x000000008e100000, 0x000000008e200000|  0%| F|  |TAMS 0x000000008e100000| PB 0x000000008e100000| Untracked |  0
| 196|0x000000008e200000, 0x000000008e200000, 0x000000008e300000|  0%| F|  |TAMS 0x000000008e200000| PB 0x000000008e200000| Untracked |  0
| 197|0x000000008e300000, 0x000000008e300000, 0x000000008e400000|  0%| F|  |TAMS 0x000000008e300000| PB 0x000000008e300000| Untracked |  0
| 198|0x000000008e400000, 0x000000008e400000, 0x000000008e500000|  0%| F|  |TAMS 0x000000008e400000| PB 0x000000008e400000| Untracked |  0
| 199|0x000000008e500000, 0x000000008e56fe40, 0x000000008e600000| 43%| E|  |TAMS 0x000000008e500000| PB 0x000000008e500000| Complete |  0
| 200|0x000000008e600000, 0x000000008e700000, 0x000000008e700000|100%| E|CS|TAMS 0x000000008e600000| PB 0x000000008e600000| Complete |  0
| 201|0x000000008e700000, 0x000000008e800000, 0x000000008e800000|100%| E|CS|TAMS 0x000000008e700000| PB 0x000000008e700000| Complete |  0
| 202|0x000000008e800000, 0x000000008e900000, 0x000000008e900000|100%| E|CS|TAMS 0x000000008e800000| PB 0x000000008e800000| Complete |  0
| 203|0x000000008e900000, 0x000000008ea00000, 0x000000008ea00000|100%| E|CS|TAMS 0x000000008e900000| PB 0x000000008e900000| Complete |  0
| 204|0x000000008ea00000, 0x000000008eb00000, 0x000000008eb00000|100%| E|CS|TAMS 0x000000008ea00000| PB 0x000000008ea00000| Complete |  0
| 205|0x000000008eb00000, 0x000000008ec00000, 0x000000008ec00000|100%| E|CS|TAMS 0x000000008eb00000| PB 0x000000008eb00000| Complete |  0
| 206|0x000000008ec00000, 0x000000008ed00000, 0x000000008ed00000|100%| E|CS|TAMS 0x000000008ec00000| PB 0x000000008ec00000| Complete |  0
| 207|0x000000008ed00000, 0x000000008ee00000, 0x000000008ee00000|100%| E|CS|TAMS 0x000000008ed00000| PB 0x000000008ed00000| Complete |  0
| 208|0x000000008ee00000, 0x000000008ef00000, 0x000000008ef00000|100%| E|CS|TAMS 0x000000008ee00000| PB 0x000000008ee00000| Complete |  0
| 209|0x000000008ef00000, 0x000000008f000000, 0x000000008f000000|100%| E|CS|TAMS 0x000000008ef00000| PB 0x000000008ef00000| Complete |  0
|2010|0x00000000ff800000, 0x00000000ff900000, 0x00000000ff900000|100%| O|  |TAMS 0x00000000ff800000| PB 0x00000000ff800000| Untracked |  0
|2011|0x00000000ff900000, 0x00000000ffa00000, 0x00000000ffa00000|100%| O|  |TAMS 0x00000000ff900000| PB 0x00000000ff900000| Untracked |  0
|2012|0x00000000ffa00000, 0x00000000ffb00000, 0x00000000ffb00000|100%| O|  |TAMS 0x00000000ffa00000| PB 0x00000000ffa00000| Untracked |  0
|2015|0x00000000ffd00000, 0x00000000ffe00000, 0x00000000ffe00000|100%| O|  |TAMS 0x00000000ffd00000| PB 0x00000000ffd00000| Untracked |  0

Card table byte_map: [0x00000158209a0000,0x0000015820da0000] _byte_map_base: 0x0000015820591000

Marking Bits: (CMBitMap*) 0x0000015808a26ed0
 Bits: [0x0000015820da0000, 0x0000015822d28000)

Polling page: 0x00000158069b0000

Metaspace:
Metaspace        used 33405K, committed 33792K, reserved 1114112K
 class space     used 4458K, committed 4608K, reserved 1048576K

Usage:
  Non-class:     28.27 MB used.
      Class:      4.35 MB used.
       Both:     32.62 MB used.

Virtual space:
  Non-class space:       64.00 MB reserved,      28.50 MB ( 45%) committed,  1 nodes.
      Class space:        1.00 GB reserved,       4.50 MB ( <1%) committed,  1 nodes.
             Both:        1.06 GB reserved,      33.00 MB (  3%) committed. 

Chunk freelists:
   Non-Class:  3.14 MB
       Class:  11.44 MB
        Both:  14.58 MB

MaxMetaspaceSize: unlimited
CompressedClassSpaceSize: 1.00 GB
Initial GC threshold: 21.00 MB
Current GC threshold: 54.94 MB
CDS: on
 - commit_granule_bytes: 65536.
 - commit_granule_words: 8192.
 - virtual_space_node_default_size: 8388608.
 - enlarge_chunks_in_place: 1.
UseCompressedClassPointers 1, UseCompactObjectHeaders 0
Narrow klass pointer bits 32, Max shift 3
Narrow klass base: 0x0000000036000000, Narrow klass shift: 0
Encoding Range: [0x0000000036000000 - 0x0000000136000000), (4294967296 bytes)
Klass Range:    [0x0000000036010000 - 0x0000000077000000), (1090453504 bytes)
Klass ID Range:  [65536 - 1090519033) (1090453497)
Protection zone: [0x0000000036000000 - 0x0000000036010000), (65536 bytes)


Internal statistics:

num_allocs_failed_limit: 3.
num_arena_births: 428.
num_arena_deaths: 0.
num_vsnodes_births: 2.
num_vsnodes_deaths: 0.
num_space_committed: 528.
num_space_uncommitted: 0.
num_chunks_returned_to_freelist: 3.
num_chunks_taken_from_freelist: 1489.
num_chunk_merges: 3.
num_chunk_splits: 1018.
num_chunks_enlarged: 772.
num_inconsistent_stats: 0.

CodeHeap 'non-profiled nmethods': size=120064Kb used=4246Kb max_used=4423Kb free=115817Kb
 bounds [0x0000015818d30000, 0x0000015819190000, 0x0000015820270000]
CodeHeap 'profiled nmethods': size=120000Kb used=11755Kb max_used=13614Kb free=108245Kb
 bounds [0x0000015811270000, 0x0000015811fc0000, 0x00000158187a0000]
CodeHeap 'non-nmethods': size=5696Kb used=1900Kb max_used=1970Kb free=3795Kb
 bounds [0x00000158187a0000, 0x0000015818a10000, 0x0000015818d30000]
CodeCache: size=245760Kb, used=17901Kb, max_used=20007Kb, free=227857Kb
 total_blobs=8635, nmethods=7614, adapters=921, full_count=0
Compilation: enabled, stopped_count=0, restarted_count=0

Compilation events (20 events):
Event: 98.844 Thread 0x000001582572aa50 nmethod 9389 0x0000015811ebfc88 code [0x0000015811ebfd80, 0x0000015811ed35b8]
Event: 98.844 Thread 0x000001582572aa50 9390       3       com.sun.prism.paint.Color::equals (68 bytes)
Event: 98.844 Thread 0x000001582572aa50 nmethod 9390 0x0000015811af9c88 code [0x0000015811af9d80, 0x0000015811afa200]
Event: 98.855 Thread 0x000001582572aa50 9391       3       javafx.scene.Scene::getPreferredHeight (46 bytes)
Event: 98.855 Thread 0x000001582572aa50 nmethod 9391 0x0000015811b27088 code [0x0000015811b271a0, 0x0000015811b276b0]
Event: 98.856 Thread 0x000001582571a4f0 9392       4       javafx.scene.Node::hasMirroring (40 bytes)
Event: 98.859 Thread 0x000001582571a4f0 nmethod 9392 0x0000015818f3b908 code [0x0000015818f3ba00, 0x0000015818f3bb78]
Event: 98.860 Thread 0x000001582572aa50 9393       3       com.sun.prism.d3d.D3DResourceFactory::createRTTexture (10 bytes)
Event: 98.860 Thread 0x000001582572aa50 nmethod 9393 0x0000015811af9988 code [0x0000015811af9a80, 0x0000015811af9bb8]
Event: 98.873 Thread 0x000001582572aa50 9394       3       javafx.scene.Node$NodeTransformation::getTranslateY (19 bytes)
Event: 98.874 Thread 0x000001582572aa50 nmethod 9394 0x0000015811de0d08 code [0x0000015811de0e00, 0x0000015811de1180]
Event: 98.931 Thread 0x000001582571a4f0 9395       4       java.util.LinkedList::linkLast (59 bytes)
Event: 98.931 Thread 0x000001582572aa50 9396       3       com.sun.javafx.tk.quantum.PaintCollector::lambda$static$0 (30 bytes)
Event: 98.932 Thread 0x000001582572aa50 nmethod 9396 0x0000015811de1a08 code [0x0000015811de1b00, 0x0000015811de1ff8]
Event: 98.933 Thread 0x000001582571a4f0 nmethod 9395 0x0000015818f3b388 code [0x0000015818f3b480, 0x0000015818f3b8a0]
Event: 98.953 Thread 0x000001582572aa50 9397       3       com.sun.glass.ui.Window::shouldHandleEvent (21 bytes)
Event: 98.953 Thread 0x000001582572aa50 nmethod 9397 0x000001581187a188 code [0x000001581187a280, 0x000001581187a498]
Event: 98.955 Thread 0x000001582571a4f0 9398       4       java.util.concurrent.CountDownLatch$Sync::tryAcquireShared (13 bytes)
Event: 98.956 Thread 0x000001582571a4f0 nmethod 9398 0x0000015818f3b088 code [0x0000015818f3b180, 0x0000015818f3b208]
Event: 98.969 Thread 0x000001582571a4f0 9399       4       com.sun.javafx.scene.NodeHelper::transformsChangedImpl (10 bytes)

GC Heap Usage History (20 events):
Event: 69.731 {heap Before GC invocations=55 (full 20):
 garbage-first heap   total reserved 2066432K, committed 260096K, used 74143K [0x0000000081e00000, 0x0000000100000000)
  region size 1024K, 1 young (1024K), 0 survivors (0K)
}
Event: 69.732 {heap After GC invocations=56 (full 20):
 garbage-first heap   total reserved 2066432K, committed 260096K, used 74157K [0x0000000081e00000, 0x0000000100000000)
  region size 1024K, 1 young (1024K), 1 survivors (1024K)
}
Event: 69.733 {heap Before GC invocations=56 (full 20):
 garbage-first heap   total reserved 2066432K, committed 260096K, used 76205K [0x0000000081e00000, 0x0000000100000000)
  region size 1024K, 2 young (2048K), 1 survivors (1024K)
}
Event: 69.763 {heap After GC invocations=57 (full 21):
 garbage-first heap   total reserved 2066432K, committed 260096K, used 74144K [0x0000000081e00000, 0x0000000100000000)
  region size 1024K, 0 young (0K), 0 survivors (0K)
}
Event: 69.810 {heap Before GC invocations=57 (full 21):
 garbage-first heap   total reserved 2066432K, committed 260096K, used 74144K [0x0000000081e00000, 0x0000000100000000)
  region size 1024K, 1 young (1024K), 0 survivors (0K)
}
Event: 69.817 {heap After GC invocations=58 (full 21):
 garbage-first heap   total reserved 2066432K, committed 780288K, used 74194K [0x0000000081e00000, 0x0000000100000000)
  region size 1024K, 1 young (1024K), 1 survivors (1024K)
}
Event: 69.833 {heap Before GC invocations=58 (full 21):
 garbage-first heap   total reserved 2066432K, committed 780288K, used 77266K [0x0000000081e00000, 0x0000000100000000)
  region size 1024K, 3 young (3072K), 1 survivors (1024K)
}
Event: 69.868 {heap After GC invocations=59 (full 22):
 garbage-first heap   total reserved 2066432K, committed 260096K, used 74209K [0x0000000081e00000, 0x0000000100000000)
  region size 1024K, 0 young (0K), 0 survivors (0K)
}
Event: 70.277 {heap Before GC invocations=59 (full 22):
 garbage-first heap   total reserved 2066432K, committed 260096K, used 75233K [0x0000000081e00000, 0x0000000100000000)
  region size 1024K, 2 young (2048K), 0 survivors (0K)
}
Event: 70.298 {heap After GC invocations=60 (full 23):
 garbage-first heap   total reserved 2066432K, committed 260096K, used 74505K [0x0000000081e00000, 0x0000000100000000)
  region size 1024K, 0 young (0K), 0 survivors (0K)
}
Event: 70.298 {heap Before GC invocations=60 (full 23):
 garbage-first heap   total reserved 2066432K, committed 260096K, used 74505K [0x0000000081e00000, 0x0000000100000000)
  region size 1024K, 1 young (1024K), 0 survivors (0K)
}
Event: 70.320 {heap After GC invocations=61 (full 24):
 garbage-first heap   total reserved 2066432K, committed 256000K, used 74504K [0x0000000081e00000, 0x0000000100000000)
  region size 1024K, 0 young (0K), 0 survivors (0K)
}
Event: 70.342 {heap Before GC invocations=61 (full 24):
 garbage-first heap   total reserved 2066432K, committed 256000K, used 74504K [0x0000000081e00000, 0x0000000100000000)
  region size 1024K, 1 young (1024K), 0 survivors (0K)
}
Event: 70.365 {heap After GC invocations=62 (full 25):
 garbage-first heap   total reserved 2066432K, committed 256000K, used 74504K [0x0000000081e00000, 0x0000000100000000)
  region size 1024K, 0 young (0K), 0 survivors (0K)
}
Event: 70.365 {heap Before GC invocations=62 (full 25):
 garbage-first heap   total reserved 2066432K, committed 256000K, used 74504K [0x0000000081e00000, 0x0000000100000000)
  region size 1024K, 0 young (0K), 0 survivors (0K)
}
Event: 70.386 {heap After GC invocations=63 (full 26):
 garbage-first heap   total reserved 2066432K, committed 256000K, used 74504K [0x0000000081e00000, 0x0000000100000000)
  region size 1024K, 0 young (0K), 0 survivors (0K)
}
Event: 85.641 {heap Before GC invocations=63 (full 26):
 garbage-first heap   total reserved 2066432K, committed 256000K, used 78600K [0x0000000081e00000, 0x0000000100000000)
  region size 1024K, 5 young (5120K), 0 survivors (0K)
}
Event: 85.667 {heap After GC invocations=64 (full 27):
 garbage-first heap   total reserved 2066432K, committed 219136K, used 63235K [0x0000000081e00000, 0x0000000100000000)
  region size 1024K, 0 young (0K), 0 survivors (0K)
}
Event: 90.260 {heap Before GC invocations=64 (full 27):
 garbage-first heap   total reserved 2066432K, committed 219136K, used 80643K [0x0000000081e00000, 0x0000000100000000)
  region size 1024K, 19 young (19456K), 0 survivors (0K)
}
Event: 90.269 {heap After GC invocations=65 (full 27):
 garbage-first heap   total reserved 2066432K, committed 219136K, used 64805K [0x0000000081e00000, 0x0000000100000000)
  region size 1024K, 2 young (2048K), 2 survivors (2048K)
}

Metaspace Usage History (20 events):
Event: 69.731 {metaspace Before GC invocations=55 (full 20):
 Metaspace       used 33100K, committed 33472K, reserved 1114112K
  class space    used 4446K, committed 4608K, reserved 1048576K
}
Event: 69.732 {metaspace After GC invocations=56 (full 20):
 Metaspace       used 33100K, committed 33472K, reserved 1114112K
  class space    used 4446K, committed 4608K, reserved 1048576K
}
Event: 69.733 {metaspace Before GC invocations=56 (full 20):
 Metaspace       used 33100K, committed 33472K, reserved 1114112K
  class space    used 4446K, committed 4608K, reserved 1048576K
}
Event: 69.763 {metaspace After GC invocations=57 (full 21):
 Metaspace       used 33100K, committed 33472K, reserved 1114112K
  class space    used 4446K, committed 4608K, reserved 1048576K
}
Event: 69.810 {metaspace Before GC invocations=57 (full 21):
 Metaspace       used 33100K, committed 33472K, reserved 1114112K
  class space    used 4446K, committed 4608K, reserved 1048576K
}
Event: 69.817 {metaspace After GC invocations=58 (full 21):
 Metaspace       used 33100K, committed 33472K, reserved 1114112K
  class space    used 4446K, committed 4608K, reserved 1048576K
}
Event: 69.833 {metaspace Before GC invocations=58 (full 21):
 Metaspace       used 33100K, committed 33472K, reserved 1114112K
  class space    used 4446K, committed 4608K, reserved 1048576K
}
Event: 69.868 {metaspace After GC invocations=59 (full 22):
 Metaspace       used 33100K, committed 33472K, reserved 1114112K
  class space    used 4446K, committed 4608K, reserved 1048576K
}
Event: 70.277 {metaspace Before GC invocations=59 (full 22):
 Metaspace       used 33100K, committed 33472K, reserved 1114112K
  class space    used 4446K, committed 4608K, reserved 1048576K
}
Event: 70.298 {metaspace After GC invocations=60 (full 23):
 Metaspace       used 33100K, committed 33472K, reserved 1114112K
  class space    used 4446K, committed 4608K, reserved 1048576K
}
Event: 70.298 {metaspace Before GC invocations=60 (full 23):
 Metaspace       used 33100K, committed 33472K, reserved 1114112K
  class space    used 4446K, committed 4608K, reserved 1048576K
}
Event: 70.320 {metaspace After GC invocations=61 (full 24):
 Metaspace       used 33100K, committed 33472K, reserved 1114112K
  class space    used 4446K, committed 4608K, reserved 1048576K
}
Event: 70.342 {metaspace Before GC invocations=61 (full 24):
 Metaspace       used 33100K, committed 33472K, reserved 1114112K
  class space    used 4446K, committed 4608K, reserved 1048576K
}
Event: 70.365 {metaspace After GC invocations=62 (full 25):
 Metaspace       used 33100K, committed 33472K, reserved 1114112K
  class space    used 4446K, committed 4608K, reserved 1048576K
}
Event: 70.365 {metaspace Before GC invocations=62 (full 25):
 Metaspace       used 33100K, committed 33472K, reserved 1114112K
  class space    used 4446K, committed 4608K, reserved 1048576K
}
Event: 70.386 {metaspace After GC invocations=63 (full 26):
 Metaspace       used 33100K, committed 33472K, reserved 1114112K
  class space    used 4446K, committed 4608K, reserved 1048576K
}
Event: 85.641 {metaspace Before GC invocations=63 (full 26):
 Metaspace       used 33110K, committed 33472K, reserved 1114112K
  class space    used 4446K, committed 4608K, reserved 1048576K
}
Event: 85.667 {metaspace After GC invocations=64 (full 27):
 Metaspace       used 33110K, committed 33472K, reserved 1114112K
  class space    used 4446K, committed 4608K, reserved 1048576K
}
Event: 90.260 {metaspace Before GC invocations=64 (full 27):
 Metaspace       used 33276K, committed 33600K, reserved 1114112K
  class space    used 4456K, committed 4608K, reserved 1048576K
}
Event: 90.269 {metaspace After GC invocations=65 (full 27):
 Metaspace       used 33276K, committed 33600K, reserved 1114112K
  class space    used 4456K, committed 4608K, reserved 1048576K
}

Dll operation events (20 events):
Event: 0.839 Loaded shared library C:\Users\Abreham\.openjfx\cache\25-ea+5\amd64\api-ms-win-crt-private-l1-1-0.dll
Event: 0.847 Loaded shared library C:\Users\Abreham\.openjfx\cache\25-ea+5\amd64\api-ms-win-crt-process-l1-1-0.dll
Event: 0.854 Loaded shared library C:\Users\Abreham\.openjfx\cache\25-ea+5\amd64\api-ms-win-crt-runtime-l1-1-0.dll
Event: 0.861 Loaded shared library C:\Users\Abreham\.openjfx\cache\25-ea+5\amd64\api-ms-win-crt-stdio-l1-1-0.dll
Event: 0.869 Loaded shared library C:\Users\Abreham\.openjfx\cache\25-ea+5\amd64\api-ms-win-crt-string-l1-1-0.dll
Event: 0.875 Loaded shared library C:\Users\Abreham\.openjfx\cache\25-ea+5\amd64\api-ms-win-crt-time-l1-1-0.dll
Event: 0.883 Loaded shared library C:\Users\Abreham\.openjfx\cache\25-ea+5\amd64\api-ms-win-crt-utility-l1-1-0.dll
Event: 0.911 Loaded shared library C:\Users\Abreham\.openjfx\cache\25-ea+5\amd64\ucrtbase.dll
Event: 0.920 Loaded shared library C:\Users\Abreham\.openjfx\cache\25-ea+5\amd64\vcruntime140.dll
Event: 0.927 Loaded shared library C:\Users\Abreham\.openjfx\cache\25-ea+5\amd64\vcruntime140_1.dll
Event: 0.945 Loaded shared library C:\Users\Abreham\.openjfx\cache\25-ea+5\amd64\msvcp140.dll
Event: 0.953 Loaded shared library C:\Users\Abreham\.openjfx\cache\25-ea+5\amd64\msvcp140_1.dll
Event: 0.966 Loaded shared library C:\Users\Abreham\.openjfx\cache\25-ea+5\amd64\msvcp140_2.dll
Event: 1.044 Loaded shared library C:\Users\Abreham\.openjfx\cache\25-ea+5\amd64\prism_d3d.dll
Event: 1.162 Loaded shared library C:\Users\Abreham\.openjfx\cache\25-ea+5\amd64\glass.dll
Event: 1.523 Loaded shared library C:\Program Files\Java\jdk-25.0.4.1\bin\jimage.dll
Event: 2.566 Loaded shared library C:\Users\Abreham\.openjfx\cache\25-ea+5\amd64\javafx_font.dll
Event: 7.199 Loaded shared library C:\Program Files\Java\jdk-25.0.4.1\bin\sunmscapi.dll
Event: 7.231 Loaded shared library C:\Program Files\Java\jdk-25.0.4.1\bin\extnet.dll
Event: 15.132 Loaded shared library C:\Users\Abreham\.openjfx\cache\25-ea+5\amd64\jfxwebkit.dll

Deoptimization events (20 events):
Event: 96.790 Thread 0x000001582a6e0ba0 Uncommon trap: trap_request=0xffffffde fr.pc=0x0000015818f6fe68 relative=0x0000000000000c48
Event: 96.790 Thread 0x000001582a6e0ba0 Uncommon trap: reason=class_check action=maybe_recompile pc=0x0000015818f6fe68 method=javafx.scene.layout.Region.doComputeGeomBounds(Lcom/sun/javafx/geom/BaseBounds;Lcom/sun/javafx/geom/transform/BaseTransform;)Lcom/sun/javafx/geom/BaseBounds; @ 326 c2
Event: 96.790 Thread 0x000001582a6e0ba0 DEOPT PACKING pc=0x0000015818f6fe68 sp=0x0000001ca01fc2b0
Event: 96.790 Thread 0x000001582a6e0ba0 DEOPT UNPACKING pc=0x00000158188be982 sp=0x0000001ca01fc210 mode 2
Event: 96.790 Thread 0x000001582a6e0ba0 Uncommon trap: trap_request=0xffffffde fr.pc=0x0000015818f6fe68 relative=0x0000000000000c48
Event: 96.790 Thread 0x000001582a6e0ba0 Uncommon trap: reason=class_check action=maybe_recompile pc=0x0000015818f6fe68 method=javafx.scene.layout.Region.doComputeGeomBounds(Lcom/sun/javafx/geom/BaseBounds;Lcom/sun/javafx/geom/transform/BaseTransform;)Lcom/sun/javafx/geom/BaseBounds; @ 326 c2
Event: 96.790 Thread 0x000001582a6e0ba0 DEOPT PACKING pc=0x0000015818f6fe68 sp=0x0000001ca01fc680
Event: 96.790 Thread 0x000001582a6e0ba0 DEOPT UNPACKING pc=0x00000158188be982 sp=0x0000001ca01fc5e0 mode 2
Event: 96.790 Thread 0x000001582a6e0ba0 Uncommon trap: trap_request=0xffffffde fr.pc=0x0000015818f6fe68 relative=0x0000000000000c48
Event: 96.790 Thread 0x000001582a6e0ba0 Uncommon trap: reason=class_check action=maybe_recompile pc=0x0000015818f6fe68 method=javafx.scene.layout.Region.doComputeGeomBounds(Lcom/sun/javafx/geom/BaseBounds;Lcom/sun/javafx/geom/transform/BaseTransform;)Lcom/sun/javafx/geom/BaseBounds; @ 326 c2
Event: 96.790 Thread 0x000001582a6e0ba0 DEOPT PACKING pc=0x0000015818f6fe68 sp=0x0000001ca01fca40
Event: 96.790 Thread 0x000001582a6e0ba0 DEOPT UNPACKING pc=0x00000158188be982 sp=0x0000001ca01fc9a0 mode 2
Event: 96.791 Thread 0x000001582a6e0ba0 Uncommon trap: trap_request=0xffffffde fr.pc=0x0000015818f6fe68 relative=0x0000000000000c48
Event: 96.791 Thread 0x000001582a6e0ba0 Uncommon trap: reason=class_check action=maybe_recompile pc=0x0000015818f6fe68 method=javafx.scene.layout.Region.doComputeGeomBounds(Lcom/sun/javafx/geom/BaseBounds;Lcom/sun/javafx/geom/transform/BaseTransform;)Lcom/sun/javafx/geom/BaseBounds; @ 326 c2
Event: 96.791 Thread 0x000001582a6e0ba0 DEOPT PACKING pc=0x0000015818f6fe68 sp=0x0000001ca01fcf40
Event: 96.791 Thread 0x000001582a6e0ba0 DEOPT UNPACKING pc=0x00000158188be982 sp=0x0000001ca01fcea0 mode 2
Event: 97.012 Thread 0x000001582a6e0ba0 Uncommon trap: trap_request=0xffffff45 fr.pc=0x00000158190eebd4 relative=0x0000000000001634
Event: 97.012 Thread 0x000001582a6e0ba0 Uncommon trap: reason=unstable_if action=reinterpret pc=0x00000158190eebd4 method=javafx.scene.shape.Rectangle.getArcWidth()D @ 4 c2
Event: 97.012 Thread 0x000001582a6e0ba0 DEOPT PACKING pc=0x00000158190eebd4 sp=0x0000001ca01fe0c0
Event: 97.012 Thread 0x000001582a6e0ba0 DEOPT UNPACKING pc=0x00000158188be982 sp=0x0000001ca01fd9d0 mode 2

Classes loaded (20 events):
Event: 15.793 Loading class jdk/internal/icu/text/BidiBase$Opening
Event: 15.793 Loading class jdk/internal/icu/text/BidiBase$Opening done
Event: 15.793 Loading class jdk/internal/icu/text/BidiBase$IsoRun
Event: 15.793 Loading class jdk/internal/icu/text/BidiBase$IsoRun done
Event: 15.793 Loading class jdk/internal/icu/text/BidiBase$Isolate
Event: 15.793 Loading class jdk/internal/icu/text/BidiBase$Isolate done
Event: 15.794 Loading class jdk/internal/icu/text/BidiBase$LevState
Event: 15.794 Loading class jdk/internal/icu/text/BidiBase$LevState done
Event: 17.342 Loading class java/nio/file/TempFileHelper
Event: 17.342 Loading class java/nio/file/TempFileHelper done
Event: 17.343 Loading class sun/nio/fs/WindowsPath$1
Event: 17.343 Loading class sun/nio/fs/WindowsPath$1 done
Event: 21.208 Loading class java/util/LinkedList$LLSpliterator
Event: 21.208 Loading class java/util/LinkedList$LLSpliterator done
Event: 36.410 Loading class java/lang/Throwable$WrappedPrintStream
Event: 36.410 Loading class java/lang/Throwable$PrintStreamOrWriter
Event: 36.410 Loading class java/lang/Throwable$PrintStreamOrWriter done
Event: 36.410 Loading class java/lang/Throwable$WrappedPrintStream done
Event: 66.499 Loading class jdk/internal/event/ThreadSleepEvent
Event: 66.499 Loading class jdk/internal/event/ThreadSleepEvent done

Classes unloaded (0 events):
No events

Classes redefined (0 events):
No events

Internal exceptions (20 events):
Event: 86.098 Thread 0x000001582a69a8d0 Exception <a 'java/lang/NullPointerException'{0x000000008ec7c628}> (0x000000008ec7c628) 
thrown [s\open\src\hotspot\share\runtime\sharedRuntime.cpp, line 681]
Event: 86.133 Thread 0x000001582a69a8d0 Implicit null exception at 0x00000158115e0789 to 0x00000158115e0958
Event: 86.133 Thread 0x000001582a69a8d0 Exception <a 'java/lang/NullPointerException'{0x000000008ec80a80}> (0x000000008ec80a80) 
thrown [s\open\src\hotspot\share\runtime\sharedRuntime.cpp, line 681]
Event: 86.138 Thread 0x000001582a69a8d0 Implicit null exception at 0x00000158115e0789 to 0x00000158115e0958
Event: 86.138 Thread 0x000001582a69a8d0 Exception <a 'java/lang/NullPointerException'{0x000000008ec84ec0}> (0x000000008ec84ec0) 
thrown [s\open\src\hotspot\share\runtime\sharedRuntime.cpp, line 681]
Event: 86.140 Thread 0x000001582a69a8d0 Implicit null exception at 0x00000158115e0789 to 0x00000158115e0958
Event: 86.140 Thread 0x000001582a69a8d0 Exception <a 'java/lang/NullPointerException'{0x000000008ec89300}> (0x000000008ec89300) 
thrown [s\open\src\hotspot\share\runtime\sharedRuntime.cpp, line 681]
Event: 86.142 Thread 0x000001582a69a8d0 Implicit null exception at 0x00000158115e0789 to 0x00000158115e0958
Event: 86.142 Thread 0x000001582a69a8d0 Exception <a 'java/lang/NullPointerException'{0x000000008ec8d758}> (0x000000008ec8d758) 
thrown [s\open\src\hotspot\share\runtime\sharedRuntime.cpp, line 681]
Event: 86.145 Thread 0x000001582a69a8d0 Implicit null exception at 0x00000158115e0789 to 0x00000158115e0958
Event: 86.145 Thread 0x000001582a69a8d0 Exception <a 'java/lang/NullPointerException'{0x000000008ec91bb0}> (0x000000008ec91bb0) 
thrown [s\open\src\hotspot\share\runtime\sharedRuntime.cpp, line 681]
Event: 86.147 Thread 0x000001582a69a8d0 Implicit null exception at 0x00000158115e0789 to 0x00000158115e0958
Event: 86.147 Thread 0x000001582a69a8d0 Exception <a 'java/lang/NullPointerException'{0x000000008ec96008}> (0x000000008ec96008) 
thrown [s\open\src\hotspot\share\runtime\sharedRuntime.cpp, line 681]
Event: 86.149 Thread 0x000001582a69a8d0 Implicit null exception at 0x00000158115e0789 to 0x00000158115e0958
Event: 86.149 Thread 0x000001582a69a8d0 Exception <a 'java/lang/NullPointerException'{0x000000008ec9a460}> (0x000000008ec9a460) 
thrown [s\open\src\hotspot\share\runtime\sharedRuntime.cpp, line 681]
Event: 86.151 Thread 0x000001582a69a8d0 Implicit null exception at 0x00000158115e0789 to 0x00000158115e0958
Event: 86.151 Thread 0x000001582a69a8d0 Exception <a 'java/lang/NullPointerException'{0x000000008ec9e8b8}> (0x000000008ec9e8b8) 
thrown [s\open\src\hotspot\share\runtime\sharedRuntime.cpp, line 681]
Event: 87.324 Thread 0x000001582a6e0ba0 Implicit null exception at 0x0000015819149c94 to 0x0000015819149e08
Event: 90.284 Thread 0x000001582a6e0ba0 Exception <a 'java/io/FileNotFoundException'{0x000000008ef38908}> (0x000000008ef38908) 
thrown [s\open\src\hotspot\share\prims\jni.cpp, line 516]
Event: 90.328 Thread 0x000001582a6e0ba0 Implicit null exception at 0x0000015818f0f263 to 0x0000015818f0f630

VM Operations (20 events):
Event: 69.810 Executing safepoint VM operation: G1TryInitiateConcMark (G1 Humongous Allocation)
Event: 69.817 Executing safepoint VM operation: G1TryInitiateConcMark (G1 Humongous Allocation) done
Event: 69.833 Executing safepoint VM operation: G1CollectFull (System.gc())
Event: 69.868 Executing safepoint VM operation: G1CollectFull (System.gc()) done
Event: 70.277 Executing safepoint VM operation: G1CollectFull (System.gc())
Event: 70.298 Executing safepoint VM operation: G1CollectFull (System.gc()) done
Event: 70.298 Executing safepoint VM operation: G1CollectFull (System.gc())
Event: 70.320 Executing safepoint VM operation: G1CollectFull (System.gc()) done
Event: 70.342 Executing safepoint VM operation: G1CollectFull (System.gc())
Event: 70.365 Executing safepoint VM operation: G1CollectFull (System.gc()) done
Event: 70.365 Executing safepoint VM operation: G1CollectFull (System.gc())
Event: 70.386 Executing safepoint VM operation: G1CollectFull (System.gc()) done
Event: 85.641 Executing safepoint VM operation: G1CollectFull (System.gc())
Event: 85.667 Executing safepoint VM operation: G1CollectFull (System.gc()) done
Event: 90.259 Executing safepoint VM operation: G1TryInitiateConcMark (G1 Humongous Allocation)
Event: 90.269 Executing safepoint VM operation: G1TryInitiateConcMark (G1 Humongous Allocation) done
Event: 90.310 Executing safepoint VM operation: G1PauseRemark
Event: 90.316 Executing safepoint VM operation: G1PauseRemark done
Event: 90.325 Executing safepoint VM operation: G1PauseCleanup
Event: 90.326 Executing safepoint VM operation: G1PauseCleanup done

Memory protections (0 events):
No events

Nmethod flushes (20 events):
Event: 69.537 Thread 0x00000158256f8680 flushing  nmethod 0x0000015811329488
Event: 69.537 Thread 0x00000158256f8680 flushing  nmethod 0x00000158115eb888
Event: 69.537 Thread 0x00000158256f8680 flushing  nmethod 0x0000015811609108
Event: 69.537 Thread 0x00000158256f8680 flushing  nmethod 0x00000158119aee08
Event: 69.576 Thread 0x00000158256f8680 flushing  nmethod 0x0000015811343c88
Event: 70.307 Thread 0x00000158256f8680 flushing  nmethod 0x0000015811ad7808
Event: 70.307 Thread 0x00000158256f8680 flushing  nmethod 0x000001581915e388
Event: 70.307 Thread 0x00000158256f8680 flushing  nmethod 0x0000015819160288
Event: 90.315 Thread 0x00000158256f8680 flushing  nmethod 0x0000015811c91108
Event: 90.315 Thread 0x00000158256f8680 flushing  nmethod 0x0000015811385b88
Event: 90.315 Thread 0x00000158256f8680 flushing  nmethod 0x0000015811bebf08
Event: 90.315 Thread 0x00000158256f8680 flushing  nmethod 0x00000158115db008
Event: 90.315 Thread 0x00000158256f8680 flushing  nmethod 0x0000015811738008
Event: 90.315 Thread 0x00000158256f8680 flushing  nmethod 0x0000015811a4ad88
Event: 90.315 Thread 0x00000158256f8680 flushing  nmethod 0x0000015811e35788
Event: 90.315 Thread 0x00000158256f8680 flushing  nmethod 0x0000015811e78f08
Event: 90.315 Thread 0x00000158256f8680 flushing  nmethod 0x0000015811df3f88
Event: 90.315 Thread 0x00000158256f8680 flushing  nmethod 0x0000015811d33808
Event: 90.315 Thread 0x00000158256f8680 flushing  nmethod 0x0000015811dad408
Event: 90.315 Thread 0x00000158256f8680 flushing  nmethod 0x0000015811daee88

Events (20 events):
Event: 77.598 Thread 0x0000015831ca4ac0 Thread added: 0x0000015831ca4ac0
Event: 77.598 Thread 0x0000015831ca4ac0 Thread exited: 0x0000015831ca4ac0
Event: 85.581 Thread 0x000001582f850400 Thread exited: 0x000001582f850400
Event: 85.581 Thread 0x000001582f80cd90 Thread exited: 0x000001582f80cd90
Event: 85.691 Thread 0x000001582fab37e0 Thread exited: 0x000001582fab37e0
Event: 85.717 Thread 0x000001584966d890 Thread added: 0x000001584966d890
Event: 85.717 Thread 0x000001584966d890 Thread exited: 0x000001584966d890
Event: 85.914 Thread 0x000001582572aa50 Thread added: 0x0000015849e0ae70
Event: 86.517 Thread 0x0000015849e0ae70 Thread exited: 0x0000015849e0ae70
Event: 95.114 Thread 0x000001582a0d3a20 Thread exited: 0x000001582a0d3a20
Event: 95.114 Thread 0x000001582faae1f0 Thread exited: 0x000001582faae1f0
Event: 95.114 Thread 0x00000158311be4f0 Thread exited: 0x00000158311be4f0
Event: 95.114 Thread 0x000001582a0cf3d0 Thread exited: 0x000001582a0cf3d0
Event: 95.114 Thread 0x00000158311bfc60 Thread exited: 0x00000158311bfc60
Event: 95.114 Thread 0x000001582f80f4a0 Thread exited: 0x000001582f80f4a0
Event: 95.114 Thread 0x00000158311c0430 Thread exited: 0x00000158311c0430
Event: 95.114 Thread 0x00000158311bd550 Thread exited: 0x00000158311bd550
Event: 95.114 Thread 0x000001582faae9c0 Thread exited: 0x000001582faae9c0
Event: 95.755 Thread 0x0000015849677ca0 Thread added: 0x0000015849677ca0
Event: 95.755 Thread 0x0000015849677ca0 Thread exited: 0x0000015849677ca0


Dynamic libraries:
0x00007ff6f0750000 - 0x00007ff6f0760000 	C:\Program Files\Java\jdk-25.0.4.1\bin\java.exe
0x00007ff87adb0000 - 0x00007ff87afa8000 	C:\Windows\SYSTEM32\ntdll.dll
0x00007ff879650000 - 0x00007ff879712000 	C:\Windows\System32\KERNEL32.DLL
0x00007ff878900000 - 0x00007ff878bf6000 	C:\Windows\System32\KERNELBASE.dll
0x00007ff878630000 - 0x00007ff878730000 	C:\Windows\System32\ucrtbase.dll
0x00007ff8675e0000 - 0x00007ff8675f7000 	C:\Program Files\Java\jdk-25.0.4.1\bin\jli.dll
0x00007ff8605b0000 - 0x00007ff8605ce000 	C:\Program Files\Java\jdk-25.0.4.1\bin\VCRUNTIME140.dll
0x00007ff87a0c0000 - 0x00007ff87a261000 	C:\Windows\System32\USER32.dll
0x00007ff8659a0000 - 0x00007ff865c3b000 	C:\Windows\WinSxS\amd64_microsoft.windows.common-controls_6595b64144ccf1df_6.0.19041.6456_none_60b8a6cb71f64256\COMCTL32.dll
0x00007ff878da0000 - 0x00007ff878dc2000 	C:\Windows\System32\win32u.dll
0x00007ff879720000 - 0x00007ff8797be000 	C:\Windows\System32\msvcrt.dll
0x00007ff878f00000 - 0x00007ff878f2b000 	C:\Windows\System32\GDI32.dll
0x00007ff878c80000 - 0x00007ff878d99000 	C:\Windows\System32\gdi32full.dll
0x00007ff878730000 - 0x00007ff8787cd000 	C:\Windows\System32\msvcp_win.dll
0x00007ff87a090000 - 0x00007ff87a0bf000 	C:\Windows\System32\IMM32.DLL
0x00007ff874ac0000 - 0x00007ff874acc000 	C:\Program Files\Java\jdk-25.0.4.1\bin\vcruntime140_1.dll
0x00007ff860520000 - 0x00007ff8605ad000 	C:\Program Files\Java\jdk-25.0.4.1\bin\msvcp140.dll
0x00007ff842170000 - 0x00007ff842fd0000 	C:\Program Files\Java\jdk-25.0.4.1\bin\server\jvm.dll
0x00007ff878f30000 - 0x00007ff878fe1000 	C:\Windows\System32\ADVAPI32.dll
0x00007ff879ff0000 - 0x00007ff87a08f000 	C:\Windows\System32\sechost.dll
0x00007ff87a280000 - 0x00007ff87a3a0000 	C:\Windows\System32\RPCRT4.dll
0x00007ff878880000 - 0x00007ff8788a7000 	C:\Windows\System32\bcrypt.dll
0x00007ff879cd0000 - 0x00007ff879d3b000 	C:\Windows\System32\WS2_32.dll
0x00007ff877940000 - 0x00007ff87798b000 	C:\Windows\SYSTEM32\POWRPROF.dll
0x00007ff8662b0000 - 0x00007ff8662d7000 	C:\Windows\SYSTEM32\WINMM.dll
0x00007ff872730000 - 0x00007ff87273a000 	C:\Windows\SYSTEM32\VERSION.dll
0x00007ff877800000 - 0x00007ff877812000 	C:\Windows\SYSTEM32\UMPDC.dll
0x00007ff876c10000 - 0x00007ff876c22000 	C:\Windows\SYSTEM32\kernel.appcore.dll
0x00007ff873290000 - 0x00007ff87329a000 	C:\Program Files\Java\jdk-25.0.4.1\bin\jimage.dll
0x00007ff875fe0000 - 0x00007ff8761e1000 	C:\Windows\SYSTEM32\DBGHELP.DLL
0x00007ff856820000 - 0x00007ff856854000 	C:\Windows\SYSTEM32\dbgcore.DLL
0x00007ff8785a0000 - 0x00007ff878622000 	C:\Windows\System32\bcryptPrimitives.dll
0x00007ff8604e0000 - 0x00007ff8604ff000 	C:\Program Files\Java\jdk-25.0.4.1\bin\java.dll
0x00007ff878dd0000 - 0x00007ff878efb000 	C:\Windows\System32\ole32.dll
0x00007ff8791c0000 - 0x00007ff879514000 	C:\Windows\System32\combase.dll
0x00007ff87a600000 - 0x00007ff87ad70000 	C:\Windows\System32\SHELL32.dll
0x00007ff876450000 - 0x00007ff876bf5000 	C:\Windows\SYSTEM32\windows.storage.dll
0x00007ff877d90000 - 0x00007ff877dbb000 	C:\Windows\SYSTEM32\Wldp.dll
0x00007ff879520000 - 0x00007ff8795ed000 	C:\Windows\System32\OLEAUT32.dll
0x00007ff879e60000 - 0x00007ff879f0d000 	C:\Windows\System32\SHCORE.dll
0x00007ff879160000 - 0x00007ff8791bb000 	C:\Windows\System32\shlwapi.dll
0x00007ff878370000 - 0x00007ff878394000 	C:\Windows\SYSTEM32\profapi.dll
0x00007ff8603f0000 - 0x00007ff860402000 	C:\Program Files\Java\jdk-25.0.4.1\bin\net.dll
0x00007ff877b70000 - 0x00007ff877bda000 	C:\Windows\system32\mswsock.dll
0x00007ff8603b0000 - 0x00007ff8603c6000 	C:\Program Files\Java\jdk-25.0.4.1\bin\nio.dll
0x00007ff85fda0000 - 0x00007ff85fdb6000 	C:\Program Files\Java\jdk-25.0.4.1\bin\zip.dll
0x0000015808960000 - 0x0000015808964000 	C:\Users\Abreham\.openjfx\cache\25-ea+5\amd64\api-ms-win-core-console-l1-1-0.dll
0x0000015808970000 - 0x0000015808974000 	C:\Users\Abreham\.openjfx\cache\25-ea+5\amd64\api-ms-win-core-console-l1-2-0.dll
0x0000015808980000 - 0x0000015808984000 	C:\Users\Abreham\.openjfx\cache\25-ea+5\amd64\api-ms-win-core-datetime-l1-1-0.dll
0x0000015825d10000 - 0x0000015825d14000 	C:\Users\Abreham\.openjfx\cache\25-ea+5\amd64\api-ms-win-core-debug-l1-1-0.dll
0x0000015825d20000 - 0x0000015825d24000 	C:\Users\Abreham\.openjfx\cache\25-ea+5\amd64\api-ms-win-core-errorhandling-l1-1-0.dll
0x0000015825d30000 - 0x0000015825d35000 	C:\Users\Abreham\.openjfx\cache\25-ea+5\amd64\api-ms-win-core-file-l1-1-0.dll
0x0000015825d40000 - 0x0000015825d44000 	C:\Users\Abreham\.openjfx\cache\25-ea+5\amd64\api-ms-win-core-file-l1-2-0.dll
0x0000015825d50000 - 0x0000015825d54000 	C:\Users\Abreham\.openjfx\cache\25-ea+5\amd64\api-ms-win-core-file-l2-1-0.dll
0x0000015825d60000 - 0x0000015825d64000 	C:\Users\Abreham\.openjfx\cache\25-ea+5\amd64\api-ms-win-core-handle-l1-1-0.dll
0x0000015825d70000 - 0x0000015825d74000 	C:\Users\Abreham\.openjfx\cache\25-ea+5\amd64\api-ms-win-core-heap-l1-1-0.dll
0x0000015825d80000 - 0x0000015825d84000 	C:\Users\Abreham\.openjfx\cache\25-ea+5\amd64\api-ms-win-core-interlocked-l1-1-0.dll
0x0000015825d90000 - 0x0000015825d94000 	C:\Users\Abreham\.openjfx\cache\25-ea+5\amd64\api-ms-win-core-libraryloader-l1-1-0.dll
0x0000015825da0000 - 0x0000015825da4000 	C:\Users\Abreham\.openjfx\cache\25-ea+5\amd64\api-ms-win-core-localization-l1-2-0.dll
0x0000015825db0000 - 0x0000015825db4000 	C:\Users\Abreham\.openjfx\cache\25-ea+5\amd64\api-ms-win-core-memory-l1-1-0.dll
0x0000015825dc0000 - 0x0000015825dc4000 	C:\Users\Abreham\.openjfx\cache\25-ea+5\amd64\api-ms-win-core-namedpipe-l1-1-0.dll
0x0000015825dd0000 - 0x0000015825dd4000 	C:\Users\Abreham\.openjfx\cache\25-ea+5\amd64\api-ms-win-core-processenvironment-l1-1-0.dll
0x0000015825de0000 - 0x0000015825de4000 	C:\Users\Abreham\.openjfx\cache\25-ea+5\amd64\api-ms-win-core-processthreads-l1-1-0.dll
0x0000015825df0000 - 0x0000015825df4000 	C:\Users\Abreham\.openjfx\cache\25-ea+5\amd64\api-ms-win-core-processthreads-l1-1-1.dll
0x0000015825e00000 - 0x0000015825e04000 	C:\Users\Abreham\.openjfx\cache\25-ea+5\amd64\api-ms-win-core-profile-l1-1-0.dll
0x0000015825e10000 - 0x0000015825e14000 	C:\Users\Abreham\.openjfx\cache\25-ea+5\amd64\api-ms-win-core-rtlsupport-l1-1-0.dll
0x0000015825e20000 - 0x0000015825e24000 	C:\Users\Abreham\.openjfx\cache\25-ea+5\amd64\api-ms-win-core-string-l1-1-0.dll
0x0000015825e30000 - 0x0000015825e34000 	C:\Users\Abreham\.openjfx\cache\25-ea+5\amd64\api-ms-win-core-synch-l1-1-0.dll
0x0000015825e40000 - 0x0000015825e44000 	C:\Users\Abreham\.openjfx\cache\25-ea+5\amd64\api-ms-win-core-synch-l1-2-0.dll
0x0000015825e50000 - 0x0000015825e54000 	C:\Users\Abreham\.openjfx\cache\25-ea+5\amd64\api-ms-win-core-sysinfo-l1-1-0.dll
0x0000015825e60000 - 0x0000015825e64000 	C:\Users\Abreham\.openjfx\cache\25-ea+5\amd64\api-ms-win-core-timezone-l1-1-0.dll
0x0000015825e70000 - 0x0000015825e74000 	C:\Users\Abreham\.openjfx\cache\25-ea+5\amd64\api-ms-win-core-util-l1-1-0.dll
0x0000015825e80000 - 0x0000015825e84000 	C:\Users\Abreham\.openjfx\cache\25-ea+5\amd64\api-ms-win-crt-conio-l1-1-0.dll
0x0000015825e90000 - 0x0000015825e95000 	C:\Users\Abreham\.openjfx\cache\25-ea+5\amd64\api-ms-win-crt-convert-l1-1-0.dll
0x0000015825ea0000 - 0x0000015825ea4000 	C:\Users\Abreham\.openjfx\cache\25-ea+5\amd64\api-ms-win-crt-environment-l1-1-0.dll
0x0000015825eb0000 - 0x0000015825eb4000 	C:\Users\Abreham\.openjfx\cache\25-ea+5\amd64\api-ms-win-crt-filesystem-l1-1-0.dll
0x0000015825ec0000 - 0x0000015825ec4000 	C:\Users\Abreham\.openjfx\cache\25-ea+5\amd64\api-ms-win-crt-heap-l1-1-0.dll
0x0000015825ed0000 - 0x0000015825ed4000 	C:\Users\Abreham\.openjfx\cache\25-ea+5\amd64\api-ms-win-crt-locale-l1-1-0.dll
0x0000015825ee0000 - 0x0000015825ee6000 	C:\Users\Abreham\.openjfx\cache\25-ea+5\amd64\api-ms-win-crt-math-l1-1-0.dll
0x0000015825ef0000 - 0x0000015825ef6000 	C:\Users\Abreham\.openjfx\cache\25-ea+5\amd64\api-ms-win-crt-multibyte-l1-1-0.dll
0x0000015825f00000 - 0x0000015825f11000 	C:\Users\Abreham\.openjfx\cache\25-ea+5\amd64\api-ms-win-crt-private-l1-1-0.dll
0x0000015825f20000 - 0x0000015825f24000 	C:\Users\Abreham\.openjfx\cache\25-ea+5\amd64\api-ms-win-crt-process-l1-1-0.dll
0x0000015825f30000 - 0x0000015825f35000 	C:\Users\Abreham\.openjfx\cache\25-ea+5\amd64\api-ms-win-crt-runtime-l1-1-0.dll
0x0000015825f40000 - 0x0000015825f45000 	C:\Users\Abreham\.openjfx\cache\25-ea+5\amd64\api-ms-win-crt-stdio-l1-1-0.dll
0x0000015825f50000 - 0x0000015825f55000 	C:\Users\Abreham\.openjfx\cache\25-ea+5\amd64\api-ms-win-crt-string-l1-1-0.dll
0x0000015825f60000 - 0x0000015825f64000 	C:\Users\Abreham\.openjfx\cache\25-ea+5\amd64\api-ms-win-crt-time-l1-1-0.dll
0x0000015825f70000 - 0x0000015825f74000 	C:\Users\Abreham\.openjfx\cache\25-ea+5\amd64\api-ms-win-crt-utility-l1-1-0.dll
0x00007ff847440000 - 0x00007ff847551000 	C:\Users\Abreham\.openjfx\cache\25-ea+5\amd64\ucrtbase.dll
0x00007ff8592c0000 - 0x00007ff8592db000 	C:\Users\Abreham\.openjfx\cache\25-ea+5\amd64\vcruntime140.dll
0x00007ff872ba0000 - 0x00007ff872bac000 	C:\Users\Abreham\.openjfx\cache\25-ea+5\amd64\vcruntime140_1.dll
0x00007ff857550000 - 0x00007ff8575de000 	C:\Users\Abreham\.openjfx\cache\25-ea+5\amd64\msvcp140.dll
0x00007ff8678f0000 - 0x00007ff8678f9000 	C:\Users\Abreham\.openjfx\cache\25-ea+5\amd64\msvcp140_1.dll
0x00007ff857500000 - 0x00007ff857541000 	C:\Users\Abreham\.openjfx\cache\25-ea+5\amd64\msvcp140_2.dll
0x00007ff8577c0000 - 0x00007ff8577f0000 	C:\Users\Abreham\.openjfx\cache\25-ea+5\amd64\prism_d3d.dll
0x00007ff809590000 - 0x00007ff809761000 	C:\Windows\system32\d3d9.dll
0x00007ff875b90000 - 0x00007ff875bbe000 	C:\Windows\SYSTEM32\dwmapi.dll
0x00007ff8759a0000 - 0x00007ff875a3e000 	C:\Windows\system32\uxtheme.dll
0x00007ff83ef10000 - 0x00007ff83f073000 	C:\Windows\System32\DriverStore\FileRepository\iigd_dch.inf_amd64_5d54dd32fa1ef4d4\igdumdim64.dll
0x00007ff8314f0000 - 0x00007ff834f32000 	C:\Windows\System32\DriverStore\FileRepository\iigd_dch.inf_amd64_5d54dd32fa1ef4d4\igd9dxva64.dll
0x00007ff8797c0000 - 0x00007ff879c30000 	C:\Windows\System32\SETUPAPI.dll
0x00007ff8788b0000 - 0x00007ff8788fe000 	C:\Windows\System32\cfgmgr32.dll
0x00007ff86ca30000 - 0x00007ff86cc6f000 	C:\Windows\System32\DriverStore\FileRepository\iigd_dch.inf_amd64_5d54dd32fa1ef4d4\igdgmm64.dll
0x00007ff854300000 - 0x00007ff854348000 	C:\Users\Abreham\.openjfx\cache\25-ea+5\amd64\glass.dll
0x00007ff879f10000 - 0x00007ff879fea000 	C:\Windows\System32\COMDLG32.dll
0x00007ff879050000 - 0x00007ff8790f9000 	C:\Windows\System32\clbcatq.dll
0x00007ff856a90000 - 0x00007ff856bcf000 	C:\Windows\System32\Windows.UI.dll
0x00007ff870b00000 - 0x00007ff870ba1000 	C:\Windows\System32\WindowManagementAPI.dll
0x00007ff859750000 - 0x00007ff859849000 	C:\Windows\System32\TextInputFramework.dll
0x00007ff856930000 - 0x00007ff856a82000 	C:\Windows\System32\InputHost.dll
0x00007ff8746e0000 - 0x00007ff874a3b000 	C:\Windows\System32\CoreUIComponents.dll
0x00007ff874e80000 - 0x00007ff874f72000 	C:\Windows\System32\CoreMessaging.dll
0x00007ff874480000 - 0x00007ff874574000 	C:\Windows\System32\PROPSYS.dll
0x00007ff874580000 - 0x00007ff8746d7000 	C:\Windows\SYSTEM32\wintypes.dll
0x00007ff870ea0000 - 0x00007ff8710a3000 	C:\Windows\SYSTEM32\twinapi.appcore.dll
0x00007ff877690000 - 0x00007ff8776c3000 	C:\Windows\SYSTEM32\ntmarta.dll
0x00007ff8471f0000 - 0x00007ff8472a9000 	C:\Windows\System32\Windows.Networking.Connectivity.dll
0x00007ff879d40000 - 0x00007ff879e55000 	C:\Windows\System32\MSCTF.dll
0x00007ff84c880000 - 0x00007ff84c8a7000 	C:\Windows\System32\DriverStore\FileRepository\iigd_dch.inf_amd64_5d54dd32fa1ef4d4\igdinfo64.dll
0x00007ff8780e0000 - 0x00007ff8780f8000 	C:\Windows\SYSTEM32\CRYPTSP.dll
0x00007ff877440000 - 0x00007ff877478000 	C:\Windows\system32\rsaenh.dll
0x00007ff877d00000 - 0x00007ff877d0c000 	C:\Windows\SYSTEM32\CRYPTBASE.dll
0x00007ff869ad0000 - 0x00007ff86c699000 	C:\Windows\System32\DriverStore\FileRepository\iigd_dch.inf_amd64_5d54dd32fa1ef4d4\igc64.dll
0x00007ff86ef60000 - 0x00007ff86ef9b000 	C:\Windows\SYSTEM32\dxcore.dll
0x00007ff84f400000 - 0x00007ff84f538000 	C:\Windows\System32\Windows.UI.Immersive.dll
0x00007ff8707e0000 - 0x00007ff8707f0000 	C:\Windows\System32\npmproxy.dll
0x00007ff870ab0000 - 0x00007ff870af2000 	C:\Windows\System32\CapabilityAccessManagerClient.dll
0x00007ff870850000 - 0x00007ff8708c4000 	C:\Windows\SYSTEM32\wlanapi.dll
0x00007ff877820000 - 0x00007ff87785b000 	C:\Windows\System32\IPHLPAPI.DLL

JVMTI agents: none

dbghelp: loaded successfully - version: 4.0.5 - missing functions: none
symbol engine: initialized successfully - sym options: 0x614 - pdb path: .;C:\Program Files\Java\jdk-25.0.4.1\bin;C:\Windows\SYSTEM32;C:\Windows\WinSxS\amd64_microsoft.windows.common-controls_6595b64144ccf1df_6.0.19041.6456_none_60b8a6cb71f64256;C:\Program Files\Java\jdk-25.0.4.1\bin\server;C:\Users\Abreham\.openjfx\cache\25-ea+5\amd64;C:\Windows\System32\DriverStore\FileRepository\iigd_dch.inf_amd64_5d54dd32fa1ef4d4;C:\Program Files\Common Files\Microsoft Shared\Ink

VM Arguments:
jvm_args: --add-modules=javafx.controls,javafx.fxml,javafx.swing,javafx.web --module-path=C:\Users\Abreham\.m2\repository\org\openjfx\javafx-base\25-ea+5\javafx-base-25-ea+5-win.jar;C:\Users\Abreham\.m2\repository\org\openjfx\javafx-base\25-ea+5\javafx-base-25-ea+5.jar;C:\Users\Abreham\.m2\repository\org\openjfx\javafx-controls\25-ea+5\javafx-controls-25-ea+5-win.jar;C:\Users\Abreham\.m2\repository\org\openjfx\javafx-controls\25-ea+5\javafx-controls-25-ea+5.jar;C:\Users\Abreham\.m2\repository\org\openjfx\javafx-fxml\25-ea+5\javafx-fxml-25-ea+5-win.jar;C:\Users\Abreham\.m2\repository\org\openjfx\javafx-fxml\25-ea+5\javafx-fxml-25-ea+5.jar;C:\Users\Abreham\.m2\repository\org\openjfx\javafx-graphics\25-ea+5\javafx-graphics-25-ea+5-win.jar;C:\Users\Abreham\.m2\repository\org\openjfx\javafx-graphics\25-ea+5\javafx-graphics-25-ea+5.jar;C:\Users\Abreham\.m2\repository\org\openjfx\javafx-media\26.0.2\javafx-media-26.0.2-win.jar;C:\Users\Abreham\.m2\repository\org\openjfx\javafx-media\26.0.2\javafx-media-26.0.2.jar;C:\Users\Abreham\.m2\repository\org\openjfx\javafx-swing\25-ea+5\javafx-swing-25-ea+5-win.jar;C:\Users\Abreham\.m2\repository\org\openjfx\javafx-swing\25-ea+5\javafx-swing-25-ea+5.jar;C:\Users\Abreham\.m2\repository\org\openjfx\javafx-web\26.0.2\javafx-web-26.0.2-win.jar;C:\Users\Abreham\.m2\repository\org\openjfx\javafx-web\26.0.2\javafx-web-26.0.2.jar --add-modules=javafx.base,javafx.controls,javafx.fxml,javafx.graphics,javafx.media,javafx.swing,javafx.web 
java_command: com.mycompany.course.vault.frontend.CourseVaultFrontend
java_class_path (initial): F:\Users\Abreham\Documents\NetBeansProjects\course-vault\frontend\course-vault-frontend\target\classes;C:\Users\Abreham\.m2\repository\com\fasterxml\jackson\core\jackson-annotations\2.17.0\jackson-annotations-2.17.0.jar;C:\Users\Abreham\.m2\repository\com\fasterxml\jackson\core\jackson-core\2.17.0\jackson-core-2.17.0.jar;C:\Users\Abreham\.m2\repository\com\fasterxml\jackson\core\jackson-databind\2.17.0\jackson-databind-2.17.0.jar;C:\Users\Abreham\.m2\repository\commons-logging\commons-logging\1.3.0\commons-logging-1.3.0.jar;C:\Users\Abreham\.m2\repository\net\bytebuddy\byte-buddy\1.14.9\byte-buddy-1.14.9.jar;C:\Users\Abreham\.m2\repository\org\apache\pdfbox\fontbox\3.0.2\fontbox-3.0.2.jar;C:\Users\Abreham\.m2\repository\org\apache\pdfbox\pdfbox\3.0.2\pdfbox-3.0.2.jar;C:\Users\Abreham\.m2\repository\org\apache\pdfbox\pdfbox-io\3.0.2\pdfbox-io-3.0.2.jar;C:\Users\Abreham\.m2\repository\org\openjfx\jdk-jsobject\26.0.2\jdk-jsobject-26.0.2-win.jar;C:\Users\Abreham\.m2\repository\org\openjfx\jdk-jsobject\26.0.2\jdk-jsobject-26.0.2.jar
Launcher Type: SUN_STANDARD

[Global flags]
     intx CICompilerCount                          = 4                                         {product} {ergonomic}
     uint ConcGCThreads                            = 2                                         {product} {ergonomic}
     uint G1ConcRefinementThreads                  = 8                                         {product} {ergonomic}
   size_t G1HeapRegionSize                         = 1048576                                   {product} {ergonomic}
   size_t InitialHeapSize                          = 134217728                                 {product} {ergonomic}
   size_t MarkStackSize                            = 4194304                                   {product} {ergonomic}
   size_t MarkStackSizeMax                         = 536870912                                 {product} {ergonomic}
   size_t MaxHeapSize                              = 2116026368                                {product} {ergonomic}
   size_t MaxNewSize                               = 1268776960                                {product} {ergonomic}
   size_t MinHeapDeltaBytes                        = 1048576                                   {product} {ergonomic}
   size_t MinHeapSize                              = 8388608                                   {product} {ergonomic}
    uintx NonNMethodCodeHeapSize                   = 5832704                                {pd product} {ergonomic}
    uintx NonProfiledCodeHeapSize                  = 122945536                              {pd product} {ergonomic}
    uintx ProfiledCodeHeapSize                     = 122880000                              {pd product} {ergonomic}
    uintx ReservedCodeCacheSize                    = 251658240                              {pd product} {ergonomic}
     bool SegmentedCodeCache                       = true                                      {product} {ergonomic}
   size_t SoftMaxHeapSize                          = 2116026368                             {manageable} {ergonomic}
     bool UseCompressedOops                        = true                           {product lp64_product} {ergonomic}
     bool UseG1GC                                  = true                                      {product} {ergonomic}
     bool UseLargePagesIndividualAllocation        = false                                  {pd product} {ergonomic}

Logging:
Log output configuration:
 #0: stdout all=warning uptime,level,tags foldmultilines=false
 #1: stderr all=off uptime,level,tags foldmultilines=false

Release file:
IMPLEMENTOR="Oracle Corporation" 
JAVA_RUNTIME_VERSION="25.0.4.1+1-LTS-5" 
JAVA_VERSION="25.0.4.1" 
JAVA_VERSION_DATE="2026-08-18" 
LIBC="default" 
MODULES="java.base java.compiler java.datatransfer java.xml java.prefs java.desktop java.instrument java.logging java.management java.security.sasl java.naming java.rmi java.management.rmi java.net.http java.scripting java.security.jgss java.transaction.xa java.sql java.sql.rowset java.xml.crypto java.se java.smartcardio jdk.accessibility jdk.internal.jvmstat jdk.attach jdk.charsets jdk.internal.opt jdk.zipfs jdk.compiler jdk.crypto.cryptoki jdk.crypto.ec jdk.crypto.mscapi jdk.dynalink jdk.internal.ed jdk.editpad jdk.internal.vm.ci jdk.graal.compiler jdk.graal.compiler.management jdk.hotspot.agent jdk.httpserver jdk.incubator.vector jdk.internal.le jdk.internal.md jdk.jartool jdk.javadoc jdk.jcmd jdk.management jdk.management.agent jdk.jconsole jdk.jdeps jdk.jdwp.agent jdk.jdi jdk.jfr jdk.jlink jdk.jpackage jdk.jshell jdk.jsobject jdk.jstatd jdk.localedata jdk.management.jfr jdk.naming.dns jdk.naming.rmi jdk.net jdk.nio.mapmode jdk.sctp jdk.security.auth jdk.security.jgss jdk.unsupported jdk.unsupported.desktop jdk.xml.dom" 
OS_ARCH="x86_64" 
OS_NAME="Windows" 
SOURCE=".:git:d5c355d21fdd open:git:2e8d1990fcae" 

Environment Variables:
JAVA_HOME=C:\Program Files\Java\jdk-25.0.4.1
PATH=C:\Program Files\Java\jdk-25.0.4.1\bin;C:\Windows\system32;C:\Windows;C:\Windows\System32\Wbem;C:\Windows\System32\WindowsPowerShell\v1.0\;C:\Windows\System32\OpenSSH\;C:\Program Files (x86)\NVIDIA Corporation\PhysX\Common;C:\Program Files\nodejs\;C:\Program Files\Docker\Docker\resources\bin;C:\Program Files\Microsoft SQL Server\170\Tools\Binn\;C:\Program Files\Git\cmd;C:\Program Files\Common Files\Oracle\Java\javapath;C:\Program Files\Java\jdk-21.0.10\bin;C:\Program Files\MySQL\MySQL Server 8.0\bin;C:\Program Files\Apache NetBeans\Maven\apache-maven-3.9.16\bin;C:\Program Files\Java\jdk-25.0.4.1\bin;C:\Program Files\Java\jdk-21.0.10\bin;C:\Program Files\Common Files\Oracle\Java\javapath;C:\Windows\system32;C:\Windows;C:\Windows\System32\Wbem;C:\Windows\System32\WindowsPowerShell\v1.0\;C:\Windows\System32\OpenSSH\;C:\Program Files (x86)\NVIDIA Corporation\PhysX\Common;C:\Program Files\nodejs\;C:\Program Files\Docker\Docker\resources\bin;C:\Program Files\Microsoft SQL Server\170\Tools\Binn\;C:\Program Files\Git\cmd;C:\Program Files\Java\jdk-21.0.10\bin;C:\Program Files\MySQL\MySQL Server 8.0\bin;C:\Program Files\Apache NetBeans\Maven\apache-maven-3.9.16\bin;C:\Users\Abreham\AppData\Local\Programs\Python\Launcher\;C:\Program Files\MySQL\MySQL Shell 8.0\bin\;C:\Users\Abreham\AppData\Local\Microsoft\WindowsApps;C:\Users\Abreham\AppData\Roaming\npm;C:\msys64\mingw64\bin;C:\Users\Abreham\AppData\Local\Programs\Microsoft VS Code\bin;;C:\Program Files\Apache NetBeans\bin\
USERNAME=Abreham
OS=Windows_NT
PROCESSOR_IDENTIFIER=Intel64 Family 6 Model 142 Stepping 11, GenuineIntel
TMP=C:\Users\Abreham\AppData\Local\Temp
TEMP=C:\Users\Abreham\AppData\Local\Temp




Compilation memory statistics disabled.

Periodic native trim disabled

---------------  S Y S T E M  ---------------

OS:
 Windows 10 , 64 bit Build 19041 (10.0.19041.5915)
OS uptime: 8 days 7:14 hours
Hyper-V role detected

CPU: total 8 (initial active 8) (4 cores per cpu, 2 threads per core) family 6 model 142 stepping 11 microcode 0xae, cx8, cmov, fxsr, ht, mmx, 3dnowpref, sse, sse2, sse3, ssse3, sse4.1, sse4.2, popcnt, lzcnt, tsc, tscinvbit, avx, avx2, aes, erms, clmul, bmi1, bmi2, adx, fma, vzeroupper, clflush, clflushopt, hv, rdtscp, f16c
Processor Information for the first 8 processors :
  Max Mhz: 1992, Current Mhz: 1792, Mhz Limit: 1792

Memory: 4k page, system-wide physical 8071M (406M free)
TotalPageFile size 23261M (AvailPageFile size 0M)
current process WorkingSet (physical memory assigned to process): 4878M, peak: 5040M
current process commit charge ("private bytes"): 7757M, peak: 7765M

vm_info: Java HotSpot(TM) 64-Bit Server VM (25.0.4.1+1-LTS-5) for windows-amd64 JRE (25.0.4.1+1-LTS-5), built on 2026-07-15T18:49:13Z with MS VC++ 17.13 (VS2022)

END.
